<html>
<body>
<pre>
<h1>礦ision Build Log</h1>
<h2>Tool Versions:</h2>
IDE-Version: μVision V5.22.0.0
Copyright (C) 2016 ARM Ltd and ARM Germany GmbH. All rights reserved.
License Information: Lu adayimaxiga, Xi'an JiaoTong Universit;y, LIC=P6FVE-5I032-XA8DC-77ZYK-9ZMPU-T6W4V
 
Tool Versions:
Toolchain:       MDK-ARM Professional  Version: 5.22
Toolchain Path:  C:\ProgramFilesMine\Keil514\ARM\ARMCC\Bin
C Compiler:      Armcc.exe V5.06 update 4 (build 422)
Assembler:       Armasm.exe V5.06 update 4 (build 422)
Linker/Locator:  ArmLink.exe V5.06 update 4 (build 422)
Library Manager: ArmAr.exe V5.06 update 4 (build 422)
Hex Converter:   FromElf.exe V5.06 update 4 (build 422)
CPU DLL:         SARMCM3.DLL V5.22
Dialog DLL:      DCM.DLL V1.13.9.0
Target DLL:      Segger\JL2CM3.dll V2.99.23.0
Dialog DLL:      TCM.DLL V1.21.0.0
 
<h2>Project:</h2>
C:\Users\adayimaxiga\Desktop\裁判系统串口\MDK-ARM\JudgementSerial.uvprojx
Project File Date:  05/28/2018

<h2>Output:</h2>
*** Using Compiler 'V5.06 update 4 (build 422)', folder: 'C:\ProgramFilesMine\Keil514\ARM\ARMCC\Bin'
Build target 'JudgementSerial'
compiling task_communicate.c...
compiling stm32f4xx_it.c...
compiling main.c...
compiling freertos.c...
compiling bsp_usart.c...
linking...
Program Size: Code=13992 RO-data=1332 RW-data=164 ZI-data=23868  
"JudgementSerial\JudgementSerial.axf" - 0 Error(s), 0 Warning(s).

<h2>Software Packages used:</h2>

Package Vendor: ARM
                http://www.keil.com/pack/ARM.CMSIS.5.0.0.pack
                ARM::CMSIS:CORE:5.0.0
                CMSIS (Cortex Microcontroller Software Interface Standard)
   * Component: CORE Version: 5.0.0

<h2>Collection of Component include folders:</h2>
  C:\Users\adayimaxiga\Desktop\裁判系统串口\MDK-ARM\RTE\_JudgementSerial
  C:\ProgramFilesMine\Keil514\ARM\PACK\ARM\CMSIS\5.0.0\CMSIS\Include
  C:\ProgramFilesMine\Keil514\ARM\PACK\Keil\STM32F4xx_DFP\2.11.0\Drivers\CMSIS\Device\ST\STM32F4xx\Include

<h2>Collection of Component Files used:</h2>

   * Component: ARM::CMSIS:CORE:5.0.0
Build Time Elapsed:  00:00:16
</pre>
</body>
</html>
