Component: ARM Compiler 5.06 update 4 (build 422) Tool: armlink [4d35d2]

==============================================================================

Section Cross References

    system_stm32f4xx.o(i.SystemCoreClockUpdate) refers to system_stm32f4xx.o(.data) for .data
    system_stm32f4xx.o(i.SystemCoreClockUpdate) refers to system_stm32f4xx.o(.constdata) for .constdata
    freertos.o(i.LEDTask) refers to cmsis_os.o(i.osDelay) for osDelay
    freertos.o(i.LEDTask) refers to task_communicate.o(i.data_packet_pack) for data_packet_pack
    freertos.o(i.LEDTask) refers to cmsis_os.o(i.osSignalSet) for osSignalSet
    freertos.o(i.LEDTask) refers to freertos.o(.bss) for .bss
    freertos.o(i.LEDTask) refers to freertos.o(.data) for .data
    freertos.o(i.MX_FREERTOS_Init) refers to memcpya.o(.text) for __aeabi_memcpy4
    freertos.o(i.MX_FREERTOS_Init) refers to cmsis_os.o(i.osThreadCreate) for osThreadCreate
    freertos.o(i.MX_FREERTOS_Init) refers to freertos.o(.constdata) for .constdata
    freertos.o(i.MX_FREERTOS_Init) refers to freertos.o(.data) for .data
    freertos.o(.constdata) refers to freertos.o(.conststring) for .conststring
    freertos.o(.constdata) refers to freertos.o(i.LEDTask) for LEDTask
    freertos.o(.constdata) refers to task_communicate.o(i.pc_unpack_task) for pc_unpack_task
    freertos.o(.constdata) refers to task_communicate.o(i.judge_unpack_task) for judge_unpack_task
    gpio.o(i.MX_GPIO_Init) refers to gpio.o(i.LL_AHB1_GRP1_EnableClock) for LL_AHB1_GRP1_EnableClock
    gpio.o(i.MX_GPIO_Init) refers to stm32f4xx_ll_gpio.o(i.LL_GPIO_Init) for LL_GPIO_Init
    usart.o(i.LL_DMA_DisableFifoMode) refers to usart.o(.constdata) for .constdata
    usart.o(i.LL_DMA_SetChannelSelection) refers to usart.o(.constdata) for .constdata
    usart.o(i.LL_DMA_SetDataTransferDirection) refers to usart.o(.constdata) for .constdata
    usart.o(i.LL_DMA_SetMemoryIncMode) refers to usart.o(.constdata) for .constdata
    usart.o(i.LL_DMA_SetMemorySize) refers to usart.o(.constdata) for .constdata
    usart.o(i.LL_DMA_SetMode) refers to usart.o(.constdata) for .constdata
    usart.o(i.LL_DMA_SetPeriphIncMode) refers to usart.o(.constdata) for .constdata
    usart.o(i.LL_DMA_SetPeriphSize) refers to usart.o(.constdata) for .constdata
    usart.o(i.LL_DMA_SetStreamPriorityLevel) refers to usart.o(.constdata) for .constdata
    usart.o(i.MX_UART4_Init) refers to usart.o(i.LL_APB1_GRP1_EnableClock) for LL_APB1_GRP1_EnableClock
    usart.o(i.MX_UART4_Init) refers to stm32f4xx_ll_gpio.o(i.LL_GPIO_Init) for LL_GPIO_Init
    usart.o(i.MX_UART4_Init) refers to usart.o(i.LL_DMA_SetChannelSelection) for LL_DMA_SetChannelSelection
    usart.o(i.MX_UART4_Init) refers to usart.o(i.LL_DMA_SetDataTransferDirection) for LL_DMA_SetDataTransferDirection
    usart.o(i.MX_UART4_Init) refers to usart.o(i.LL_DMA_SetStreamPriorityLevel) for LL_DMA_SetStreamPriorityLevel
    usart.o(i.MX_UART4_Init) refers to usart.o(i.LL_DMA_SetMode) for LL_DMA_SetMode
    usart.o(i.MX_UART4_Init) refers to usart.o(i.LL_DMA_SetPeriphIncMode) for LL_DMA_SetPeriphIncMode
    usart.o(i.MX_UART4_Init) refers to usart.o(i.LL_DMA_SetMemoryIncMode) for LL_DMA_SetMemoryIncMode
    usart.o(i.MX_UART4_Init) refers to usart.o(i.LL_DMA_SetPeriphSize) for LL_DMA_SetPeriphSize
    usart.o(i.MX_UART4_Init) refers to usart.o(i.LL_DMA_SetMemorySize) for LL_DMA_SetMemorySize
    usart.o(i.MX_UART4_Init) refers to usart.o(i.LL_DMA_DisableFifoMode) for LL_DMA_DisableFifoMode
    usart.o(i.MX_UART4_Init) refers to usart.o(i.NVIC_EncodePriority) for NVIC_EncodePriority
    usart.o(i.MX_UART4_Init) refers to usart.o(i.NVIC_SetPriority) for NVIC_SetPriority
    usart.o(i.MX_UART4_Init) refers to usart.o(i.NVIC_EnableIRQ) for NVIC_EnableIRQ
    usart.o(i.MX_UART4_Init) refers to stm32f4xx_ll_usart.o(i.LL_USART_Init) for LL_USART_Init
    usart.o(i.MX_UART5_Init) refers to usart.o(i.LL_APB1_GRP1_EnableClock) for LL_APB1_GRP1_EnableClock
    usart.o(i.MX_UART5_Init) refers to stm32f4xx_ll_gpio.o(i.LL_GPIO_Init) for LL_GPIO_Init
    usart.o(i.MX_UART5_Init) refers to usart.o(i.LL_DMA_SetChannelSelection) for LL_DMA_SetChannelSelection
    usart.o(i.MX_UART5_Init) refers to usart.o(i.LL_DMA_SetDataTransferDirection) for LL_DMA_SetDataTransferDirection
    usart.o(i.MX_UART5_Init) refers to usart.o(i.LL_DMA_SetStreamPriorityLevel) for LL_DMA_SetStreamPriorityLevel
    usart.o(i.MX_UART5_Init) refers to usart.o(i.LL_DMA_SetMode) for LL_DMA_SetMode
    usart.o(i.MX_UART5_Init) refers to usart.o(i.LL_DMA_SetPeriphIncMode) for LL_DMA_SetPeriphIncMode
    usart.o(i.MX_UART5_Init) refers to usart.o(i.LL_DMA_SetMemoryIncMode) for LL_DMA_SetMemoryIncMode
    usart.o(i.MX_UART5_Init) refers to usart.o(i.LL_DMA_SetPeriphSize) for LL_DMA_SetPeriphSize
    usart.o(i.MX_UART5_Init) refers to usart.o(i.LL_DMA_SetMemorySize) for LL_DMA_SetMemorySize
    usart.o(i.MX_UART5_Init) refers to usart.o(i.LL_DMA_DisableFifoMode) for LL_DMA_DisableFifoMode
[...]
    ..\Drivers\STM32F4xx_HAL_Driver\Src\stm32f4xx_ll_usart.c 0x00000000   Number         0  stm32f4xx_ll_usart.o ABSOLUTE
    ..\Drivers\STM32F4xx_HAL_Driver\Src\stm32f4xx_ll_utils.c 0x00000000   Number         0  stm32f4xx_ll_utils.o ABSOLUTE
    ..\Middlewares\Third_Party\FreeRTOS\Source\CMSIS_RTOS\cmsis_os.c 0x00000000   Number         0  cmsis_os.o ABSOLUTE
    ..\Middlewares\Third_Party\FreeRTOS\Source\croutine.c 0x00000000   Number         0  croutine.o ABSOLUTE
    ..\Middlewares\Third_Party\FreeRTOS\Source\event_groups.c 0x00000000   Number         0  event_groups.o ABSOLUTE
    ..\Middlewares\Third_Party\FreeRTOS\Source\list.c 0x00000000   Number         0  list.o ABSOLUTE
    ..\Middlewares\Third_Party\FreeRTOS\Source\portable\MemMang\heap_4.c 0x00000000   Number         0  heap_4.o ABSOLUTE
    ..\Middlewares\Third_Party\FreeRTOS\Source\portable\RVDS\ARM_CM4F\port.c 0x00000000   Number         0  port.o ABSOLUTE
    ..\Middlewares\Third_Party\FreeRTOS\Source\queue.c 0x00000000   Number         0  queue.o ABSOLUTE
    ..\Middlewares\Third_Party\FreeRTOS\Source\tasks.c 0x00000000   Number         0  tasks.o ABSOLUTE
    ..\Middlewares\Third_Party\FreeRTOS\Source\timers.c 0x00000000   Number         0  timers.o ABSOLUTE
    ..\Src\bsp_usart.c                       0x00000000   Number         0  bsp_usart.o ABSOLUTE
    ..\Src\dma.c                             0x00000000   Number         0  dma.o ABSOLUTE
    ..\Src\freertos.c                        0x00000000   Number         0  freertos.o ABSOLUTE
    ..\Src\gpio.c                            0x00000000   Number         0  gpio.o ABSOLUTE
    ..\Src\main.c                            0x00000000   Number         0  main.o ABSOLUTE
    ..\Src\stm32f4xx_hal_msp.c               0x00000000   Number         0  stm32f4xx_hal_msp.o ABSOLUTE
    ..\Src\stm32f4xx_hal_timebase_TIM.c      0x00000000   Number         0  stm32f4xx_hal_timebase_tim.o ABSOLUTE
    ..\Src\stm32f4xx_it.c                    0x00000000   Number         0  stm32f4xx_it.o ABSOLUTE
    ..\Src\system_stm32f4xx.c                0x00000000   Number         0  system_stm32f4xx.o ABSOLUTE
    ..\Src\usart.c                           0x00000000   Number         0  usart.o ABSOLUTE
    ..\XJTURMlib\data_fifo.c                 0x00000000   Number         0  data_fifo.o ABSOLUTE
    ..\XJTURMlib\pid.c                       0x00000000   Number         0  pid.o ABSOLUTE
    ..\XJTURMlib\protocol.c                  0x00000000   Number         0  protocol.o ABSOLUTE
    ..\\Src\\bsp_usart.c                     0x00000000   Number         0  bsp_usart.o ABSOLUTE
    ..\\XJTURMlib\\data_fifo.c               0x00000000   Number         0  data_fifo.o ABSOLUTE
    ..\\XJTURMlib\\protocol.c                0x00000000   Number         0  protocol.o ABSOLUTE
    ..\\app\\task_communicate.c              0x00000000   Number         0  task_communicate.o ABSOLUTE
    ..\app\task_communicate.c                0x00000000   Number         0  task_communicate.o ABSOLUTE
    dc.s                                     0x00000000   Number         0  dc.o ABSOLUTE
    handlers.s                               0x00000000   Number         0  handlers.o ABSOLUTE
    init.s                                   0x00000000   Number         0  init.o ABSOLUTE
    startup_stm32f405xx.s                    0x00000000   Number         0  startup_stm32f405xx.o ABSOLUTE
    RESET                                    0x08000000   Section      392  startup_stm32f405xx.o(RESET)
    .ARM.Collect$$$$00000000                 0x08000188   Section        0  entry.o(.ARM.Collect$$$$00000000)
    .ARM.Collect$$$$00000001                 0x08000188   Section        4  entry2.o(.ARM.Collect$$$$00000001)
    .ARM.Collect$$$$00000004                 0x0800018c   Section        4  entry5.o(.ARM.Collect$$$$00000004)
    .ARM.Collect$$$$00000008                 0x08000190   Section        0  entry7b.o(.ARM.Collect$$$$00000008)
    .ARM.Collect$$$$0000000A                 0x08000190   Section        0  entry8b.o(.ARM.Collect$$$$0000000A)
    .ARM.Collect$$$$0000000B                 0x08000190   Section        8  entry9a.o(.ARM.Collect$$$$0000000B)
    .ARM.Collect$$$$0000000D                 0x08000198   Section        0  entry10a.o(.ARM.Collect$$$$0000000D)
    .ARM.Collect$$$$0000000F                 0x08000198   Section        0  entry11a.o(.ARM.Collect$$$$0000000F)
    .ARM.Collect$$$$00002712                 0x08000198   Section        4  entry2.o(.ARM.Collect$$$$00002712)
    __lit__00000000                          0x08000198   Data           4  entry2.o(.ARM.Collect$$$$00002712)
    .emb_text                                0x0800019c   Section      186  port.o(.emb_text)
    $v0                                      0x0800019c   Number         0  port.o(.emb_text)
    .text                                    0x08000258   Section       36  startup_stm32f405xx.o(.text)
    $v0                                      0x08000258   Number         0  startup_stm32f405xx.o(.text)
    .text                                    0x0800027c   Section        0  memcpya.o(.text)
    .text                                    0x080002a0   Section       36  init.o(.text)
    i.BusFault_Handler                       0x080002c4   Section        0  stm32f4xx_it.o(i.BusFault_Handler)
    i.DMA1_Stream0_IRQHandler                0x080002c8   Section        0  stm32f4xx_it.o(i.DMA1_Stream0_IRQHandler)
    i.DMA1_Stream2_IRQHandler                0x080002d8   Section        0  stm32f4xx_it.o(i.DMA1_Stream2_IRQHandler)
    i.DMA1_Stream4_IRQHandler                0x080002ec   Section        0  stm32f4xx_it.o(i.DMA1_Stream4_IRQHandler)
    i.DMA1_Stream7_IRQHandler                0x080002fc   Section        0  stm32f4xx_it.o(i.DMA1_Stream7_IRQHandler)
    i.DebugMon_Handler                       0x08000328   Section        0  stm32f4xx_it.o(i.DebugMon_Handler)
    i.HAL_IncTick                            0x0800032c   Section        0  stm32f4xx_hal.o(i.HAL_IncTick)
    i.HAL_Init                               0x0800033c   Section        0  stm32f4xx_hal.o(i.HAL_Init)
    i.HAL_InitTick                           0x08000370   Section        0  stm32f4xx_hal_timebase_tim.o(i.HAL_InitTick)
    i.HAL_MspInit                            0x080003e4   Section        0  stm32f4xx_hal_msp.o(i.HAL_MspInit)
    i.HAL_NVIC_EnableIRQ                     0x0800043c   Section        0  stm32f4xx_hal_cortex.o(i.HAL_NVIC_EnableIRQ)
    i.HAL_NVIC_SetPriority                   0x08000454   Section        0  stm32f4xx_hal_cortex.o(i.HAL_NVIC_SetPriority)
    i.HAL_NVIC_SetPriorityGrouping           0x08000494   Section        0  stm32f4xx_hal_cortex.o(i.HAL_NVIC_SetPriorityGrouping)
    i.HAL_RCC_GetClockConfig                 0x080004b8   Section        0  stm32f4xx_hal_rcc.o(i.HAL_RCC_GetClockConfig)
    i.HAL_RCC_GetPCLK1Freq                   0x080004f8   Section        0  stm32f4xx_hal_rcc.o(i.HAL_RCC_GetPCLK1Freq)
    i.HAL_TIMEx_BreakCallback                0x08000518   Section        0  stm32f4xx_hal_tim_ex.o(i.HAL_TIMEx_BreakCallback)
    i.HAL_TIMEx_CommutationCallback          0x0800051a   Section        0  stm32f4xx_hal_tim_ex.o(i.HAL_TIMEx_CommutationCallback)
    i.HAL_TIM_Base_Init                      0x0800051c   Section        0  stm32f4xx_hal_tim.o(i.HAL_TIM_Base_Init)
    i.HAL_TIM_Base_MspInit                   0x08000552   Section        0  stm32f4xx_hal_tim.o(i.HAL_TIM_Base_MspInit)
    i.HAL_TIM_Base_Start_IT                  0x08000554   Section        0  stm32f4xx_hal_tim.o(i.HAL_TIM_Base_Start_IT)
    i.HAL_TIM_IC_CaptureCallback             0x0800056c   Section        0  stm32f4xx_hal_tim.o(i.HAL_TIM_IC_CaptureCallback)
    i.HAL_TIM_IRQHandler                     0x0800056e   Section        0  stm32f4xx_hal_tim.o(i.HAL_TIM_IRQHandler)
    i.HAL_TIM_OC_DelayElapsedCallback        0x080006d4   Section        0  stm32f4xx_hal_tim.o(i.HAL_TIM_OC_DelayElapsedCallback)
    i.HAL_TIM_PWM_PulseFinishedCallback      0x080006d6   Section        0  stm32f4xx_hal_tim.o(i.HAL_TIM_PWM_PulseFinishedCallback)
    i.HAL_TIM_PeriodElapsedCallback          0x080006d8   Section        0  main.o(i.HAL_TIM_PeriodElapsedCallback)
    i.HAL_TIM_TriggerCallback                0x080006ec   Section        0  stm32f4xx_hal_tim.o(i.HAL_TIM_TriggerCallback)
    i.HardFault_Handler                      0x080006ee   Section        0  stm32f4xx_it.o(i.HardFault_Handler)
    i.LEDTask                                0x080006f0   Section        0  freertos.o(i.LEDTask)
    i.LL_AHB1_GRP1_EnableClock               0x08000770   Section        0  gpio.o(i.LL_AHB1_GRP1_EnableClock)
    LL_AHB1_GRP1_EnableClock                 0x08000771   Thumb Code    18  gpio.o(i.LL_AHB1_GRP1_EnableClock)
    i.LL_APB1_GRP1_EnableClock               0x08000788   Section        0  usart.o(i.LL_APB1_GRP1_EnableClock)
    LL_APB1_GRP1_EnableClock                 0x08000789   Thumb Code    18  usart.o(i.LL_APB1_GRP1_EnableClock)
    i.LL_DMA_DisableFifoMode                 0x080007a0   Section        0  usart.o(i.LL_DMA_DisableFifoMode)
    LL_DMA_DisableFifoMode                   0x080007a1   Thumb Code    16  usart.o(i.LL_DMA_DisableFifoMode)
    i.LL_DMA_EnableIT_TC                     0x080007b4   Section        0  bsp_usart.o(i.LL_DMA_EnableIT_TC)
    LL_DMA_EnableIT_TC                       0x080007b5   Thumb Code    14  bsp_usart.o(i.LL_DMA_EnableIT_TC)
    i.LL_DMA_EnableStream                    0x080007c8   Section        0  bsp_usart.o(i.LL_DMA_EnableStream)
    LL_DMA_EnableStream                      0x080007c9   Thumb Code    14  bsp_usart.o(i.LL_DMA_EnableStream)
    i.LL_DMA_SetChannelSelection             0x080007dc   Section        0  usart.o(i.LL_DMA_SetChannelSelection)
    LL_DMA_SetChannelSelection               0x080007dd   Thumb Code    16  usart.o(i.LL_DMA_SetChannelSelection)
    i.LL_DMA_SetDataLength                   0x080007f0   Section        0  bsp_usart.o(i.LL_DMA_SetDataLength)
    LL_DMA_SetDataLength                     0x080007f1   Thumb Code    18  bsp_usart.o(i.LL_DMA_SetDataLength)
    i.LL_DMA_SetDataTransferDirection        0x08000808   Section        0  usart.o(i.LL_DMA_SetDataTransferDirection)
    LL_DMA_SetDataTransferDirection          0x08000809   Thumb Code    16  usart.o(i.LL_DMA_SetDataTransferDirection)
    i.LL_DMA_SetMemoryIncMode                0x0800081c   Section        0  usart.o(i.LL_DMA_SetMemoryIncMode)
    LL_DMA_SetMemoryIncMode                  0x0800081d   Thumb Code    16  usart.o(i.LL_DMA_SetMemoryIncMode)
    i.LL_DMA_SetMemorySize                   0x08000830   Section        0  usart.o(i.LL_DMA_SetMemorySize)
    LL_DMA_SetMemorySize                     0x08000831   Thumb Code    16  usart.o(i.LL_DMA_SetMemorySize)
    i.LL_DMA_SetMode                         0x08000844   Section        0  usart.o(i.LL_DMA_SetMode)
    LL_DMA_SetMode                           0x08000845   Thumb Code    16  usart.o(i.LL_DMA_SetMode)
    i.LL_DMA_SetPeriphIncMode                0x08000858   Section        0  usart.o(i.LL_DMA_SetPeriphIncMode)
    LL_DMA_SetPeriphIncMode                  0x08000859   Thumb Code    16  usart.o(i.LL_DMA_SetPeriphIncMode)
    i.LL_DMA_SetPeriphSize                   0x0800086c   Section        0  usart.o(i.LL_DMA_SetPeriphSize)
    LL_DMA_SetPeriphSize                     0x0800086d   Thumb Code    16  usart.o(i.LL_DMA_SetPeriphSize)
    i.LL_DMA_SetStreamPriorityLevel          0x08000880   Section        0  usart.o(i.LL_DMA_SetStreamPriorityLevel)
    LL_DMA_SetStreamPriorityLevel            0x08000881   Thumb Code    16  usart.o(i.LL_DMA_SetStreamPriorityLevel)
    i.LL_GPIO_Init                           0x08000894   Section        0  stm32f4xx_ll_gpio.o(i.LL_GPIO_Init)
    i.LL_Init1msTick                         0x080009ae   Section        0  stm32f4xx_ll_utils.o(i.LL_Init1msTick)
    i.LL_RCC_GetSystemClocksFreq             0x080009c8   Section        0  stm32f4xx_ll_rcc.o(i.LL_RCC_GetSystemClocksFreq)
    i.LL_SetSystemCoreClock                  0x080009e8   Section        0  stm32f4xx_ll_utils.o(i.LL_SetSystemCoreClock)
    i.LL_USART_Init                          0x080009f4   Section        0  stm32f4xx_ll_usart.o(i.LL_USART_Init)
    i.LL_USART_SetBaudRate                   0x08000a94   Section        0  stm32f4xx_ll_usart.o(i.LL_USART_SetBaudRate)
    LL_USART_SetBaudRate                     0x08000a95   Thumb Code   192  stm32f4xx_ll_usart.o(i.LL_USART_SetBaudRate)
    i.MX_DMA_Init                            0x08000b54   Section        0  dma.o(i.MX_DMA_Init)
    i.MX_FREERTOS_Init                       0x08000bd8   Section        0  freertos.o(i.MX_FREERTOS_Init)
    i.MX_GPIO_Init                           0x08000c2c   Section        0  gpio.o(i.MX_GPIO_Init)
    i.MX_UART4_Init                          0x08000c98   Section        0  usart.o(i.MX_UART4_Init)
    i.MX_UART5_Init                          0x08000dec   Section        0  usart.o(i.MX_UART5_Init)
    i.MemManage_Handler                      0x08000f58   Section        0  stm32f4xx_it.o(i.MemManage_Handler)
    i.NMI_Handler                            0x08000f5a   Section        0  stm32f4xx_it.o(i.NMI_Handler)
    i.NVIC_EnableIRQ                         0x08000f5c   Section        0  usart.o(i.NVIC_EnableIRQ)
    NVIC_EnableIRQ                           0x08000f5d   Thumb Code    22  usart.o(i.NVIC_EnableIRQ)
    i.NVIC_EnableIRQ                         0x08000f72   Section        0  dma.o(i.NVIC_EnableIRQ)
    NVIC_EnableIRQ                           0x08000f73   Thumb Code    22  dma.o(i.NVIC_EnableIRQ)
    i.NVIC_EncodePriority                    0x08000f88   Section        0  usart.o(i.NVIC_EncodePriority)
    NVIC_EncodePriority                      0x08000f89   Thumb Code    50  usart.o(i.NVIC_EncodePriority)
    i.NVIC_EncodePriority                    0x08000fba   Section        0  dma.o(i.NVIC_EncodePriority)
    NVIC_EncodePriority                      0x08000fbb   Thumb Code    50  dma.o(i.NVIC_EncodePriority)
    i.NVIC_GetPriorityGrouping               0x08000fec   Section        0  dma.o(i.NVIC_GetPriorityGrouping)
    NVIC_GetPriorityGrouping                 0x08000fed   Thumb Code    10  dma.o(i.NVIC_GetPriorityGrouping)
    i.NVIC_SetPriority                       0x08000ffc   Section        0  usart.o(i.NVIC_SetPriority)
    NVIC_SetPriority                         0x08000ffd   Thumb Code    32  usart.o(i.NVIC_SetPriority)
    i.NVIC_SetPriority                       0x0800101c   Section        0  dma.o(i.NVIC_SetPriority)
    NVIC_SetPriority                         0x0800101d   Thumb Code    32  dma.o(i.NVIC_SetPriority)
    i.NVIC_SetPriority                       0x0800103c   Section        0  stm32f4xx_hal_cortex.o(i.NVIC_SetPriority)
    NVIC_SetPriority                         0x0800103d   Thumb Code    32  stm32f4xx_hal_cortex.o(i.NVIC_SetPriority)
    i.RCC_GetHCLKClockFreq                   0x0800105c   Section        0  stm32f4xx_ll_rcc.o(i.RCC_GetHCLKClockFreq)
    i.RCC_GetPCLK1ClockFreq                  0x08001078   Section        0  stm32f4xx_ll_rcc.o(i.RCC_GetPCLK1ClockFreq)
    i.RCC_GetPCLK2ClockFreq                  0x08001094   Section        0  stm32f4xx_ll_rcc.o(i.RCC_GetPCLK2ClockFreq)
    i.RCC_GetSystemClockFreq                 0x080010b0   Section        0  stm32f4xx_ll_rcc.o(i.RCC_GetSystemClockFreq)
    i.RCC_PLL_GetFreqDomain_SYS              0x080010dc   Section        0  stm32f4xx_ll_rcc.o(i.RCC_PLL_GetFreqDomain_SYS)
    i.SysTick_Handler                        0x0800112c   Section        0  stm32f4xx_it.o(i.SysTick_Handler)
    i.SystemClock_Config                     0x08001130   Section        0  main.o(i.SystemClock_Config)
    i.SystemInit                             0x08001238   Section        0  system_stm32f4xx.o(i.SystemInit)
    i.TIM5_IRQHandler                        0x0800128c   Section        0  stm32f4xx_it.o(i.TIM5_IRQHandler)
    i.TIM_Base_SetConfig                     0x08001298   Section        0  stm32f4xx_hal_tim.o(i.TIM_Base_SetConfig)
    i.UART4_IRQHandler                       0x08001358   Section        0  stm32f4xx_it.o(i.UART4_IRQHandler)
    i.UART5_IRQHandler                       0x08001378   Section        0  stm32f4xx_it.o(i.UART5_IRQHandler)
    i.UsageFault_Handler                     0x08001398   Section        0  stm32f4xx_it.o(i.UsageFault_Handler)
    i.__scatterload_copy                     0x0800139a   Section       14  handlers.o(i.__scatterload_copy)
    i.__scatterload_null                     0x080013a8   Section        2  handlers.o(i.__scatterload_null)
    i.__scatterload_zeroinit                 0x080013aa   Section       14  handlers.o(i.__scatterload_zeroinit)
    i.append_crc16_check_sum                 0x080013b8   Section        0  protocol.o(i.append_crc16_check_sum)
    i.append_crc8_check_sum                  0x080013e0   Section        0  protocol.o(i.append_crc8_check_sum)
    i.communicate_param_init                 0x08001400   Section        0  task_communicate.o(i.communicate_param_init)
    i.computer_uart_init                     0x0800148c   Section        0  task_communicate.o(i.computer_uart_init)
    i.data_packet_pack                       0x0800152c   Section        0  task_communicate.o(i.data_packet_pack)
    i.dma_buffer_to_unpack_buffer            0x0800156c   Section        0  task_communicate.o(i.dma_buffer_to_unpack_buffer)
    i.dma_current_memory_target              0x08001628   Section        0  bsp_usart.o(i.dma_current_memory_target)
    i.fifo_s_get                             0x08001636   Section        0  data_fifo.o(i.fifo_s_get)
    i.fifo_s_gets                            0x0800166e   Section        0  data_fifo.o(i.fifo_s_gets)
    i.fifo_s_init                            0x080016c6   Section        0  data_fifo.o(i.fifo_s_init)
    i.fifo_s_puts                            0x080016f4   Section        0  data_fifo.o(i.fifo_s_puts)
    i.fifo_used_count                        0x0800175c   Section        0  data_fifo.o(i.fifo_used_count)
    i.get_crc16_check_sum                    0x08001764   Section        0  protocol.o(i.get_crc16_check_sum)
    i.get_crc8_check_sum                     0x08001790   Section        0  protocol.o(i.get_crc8_check_sum)
    i.get_dma_memory_msg                     0x080017ac   Section        0  bsp_usart.o(i.get_dma_memory_msg)
    i.inHandlerMode                          0x080017be   Section        0  cmsis_os.o(i.inHandlerMode)
    inHandlerMode                            0x080017bf   Thumb Code    12  cmsis_os.o(i.inHandlerMode)
    i.judge_unpack_task                      0x080017cc   Section        0  task_communicate.o(i.judge_unpack_task)
    i.judgement_data_handler                 0x08001818   Section        0  task_communicate.o(i.judgement_data_handler)
    i.judgement_uart_init                    0x0800186c   Section        0  task_communicate.o(i.judgement_uart_init)
    i.main                                   0x0800190c   Section        0  main.o(i.main)
    i.makeFreeRtosPriority                   0x08001932   Section        0  cmsis_os.o(i.makeFreeRtosPriority)
    makeFreeRtosPriority                     0x08001933   Thumb Code    12  cmsis_os.o(i.makeFreeRtosPriority)
    i.osDelay                                0x0800193e   Section        0  cmsis_os.o(i.osDelay)
    i.osKernelStart                          0x0800194c   Section        0  cmsis_os.o(i.osKernelStart)
    i.osMutexCreate                          0x08001956   Section        0  cmsis_os.o(i.osMutexCreate)
    i.osMutexRelease                         0x0800195c   Section        0  cmsis_os.o(i.osMutexRelease)
    i.osMutexWait                            0x080019ac   Section        0  cmsis_os.o(i.osMutexWait)
    i.osSignalSet                            0x08001a14   Section        0  cmsis_os.o(i.osSignalSet)
    i.osSignalWait                           0x08001a70   Section        0  cmsis_os.o(i.osSignalWait)
    i.osSystickHandler                       0x08001ac6   Section        0  cmsis_os.o(i.osSystickHandler)
    i.osThreadCreate                         0x08001ada   Section        0  cmsis_os.o(i.osThreadCreate)
    i.pc_data_handler                        0x08001b08   Section        0  task_communicate.o(i.pc_data_handler)
    i.pc_unpack_task                         0x08001b48   Section        0  task_communicate.o(i.pc_unpack_task)
    i.protocol_packet_pack                   0x08001b90   Section        0  task_communicate.o(i.protocol_packet_pack)
    i.prvAddCurrentTaskToDelayedList         0x08001bd4   Section        0  tasks.o(i.prvAddCurrentTaskToDelayedList)
    prvAddCurrentTaskToDelayedList           0x08001bd5   Thumb Code   102  tasks.o(i.prvAddCurrentTaskToDelayedList)
    i.prvAddNewTaskToReadyList               0x08001c44   Section        0  tasks.o(i.prvAddNewTaskToReadyList)
    prvAddNewTaskToReadyList                 0x08001c45   Thumb Code   194  tasks.o(i.prvAddNewTaskToReadyList)
    i.prvCheckForValidListAndQueue           0x08001d14   Section        0  timers.o(i.prvCheckForValidListAndQueue)
    prvCheckForValidListAndQueue             0x08001d15   Thumb Code    62  timers.o(i.prvCheckForValidListAndQueue)
    i.prvCheckTasksWaitingTermination        0x08001d64   Section        0  tasks.o(i.prvCheckTasksWaitingTermination)
    prvCheckTasksWaitingTermination          0x08001d65   Thumb Code    74  tasks.o(i.prvCheckTasksWaitingTermination)
    i.prvCopyDataFromQueue                   0x08001db8   Section        0  queue.o(i.prvCopyDataFromQueue)
    prvCopyDataFromQueue                     0x08001db9   Thumb Code    38  queue.o(i.prvCopyDataFromQueue)
    i.prvCopyDataToQueue                     0x08001dde   Section        0  queue.o(i.prvCopyDataToQueue)
    prvCopyDataToQueue                       0x08001ddf   Thumb Code   108  queue.o(i.prvCopyDataToQueue)
    i.prvDeleteTCB                           0x08001e4a   Section        0  tasks.o(i.prvDeleteTCB)
    prvDeleteTCB                             0x08001e4b   Thumb Code    20  tasks.o(i.prvDeleteTCB)
    i.prvHeapInit                            0x08001e60   Section        0  heap_4.o(i.prvHeapInit)
    prvHeapInit                              0x08001e61   Thumb Code    66  heap_4.o(i.prvHeapInit)
    i.prvIdleTask                            0x08001eac   Section        0  tasks.o(i.prvIdleTask)
    prvIdleTask                              0x08001ead   Thumb Code    30  tasks.o(i.prvIdleTask)
    i.prvInitialiseNewTask                   0x08001ed4   Section        0  tasks.o(i.prvInitialiseNewTask)
    prvInitialiseNewTask                     0x08001ed5   Thumb Code   142  tasks.o(i.prvInitialiseNewTask)
    i.prvInsertBlockIntoFreeList             0x08001f64   Section        0  heap_4.o(i.prvInsertBlockIntoFreeList)
    prvInsertBlockIntoFreeList               0x08001f65   Thumb Code    72  heap_4.o(i.prvInsertBlockIntoFreeList)
    i.prvInsertTimerInActiveList             0x08001fb0   Section        0  timers.o(i.prvInsertTimerInActiveList)
    prvInsertTimerInActiveList               0x08001fb1   Thumb Code    52  timers.o(i.prvInsertTimerInActiveList)
    i.prvIsQueueEmpty                        0x08001fe8   Section        0  queue.o(i.prvIsQueueEmpty)
    prvIsQueueEmpty                          0x08001fe9   Thumb Code    26  queue.o(i.prvIsQueueEmpty)
    i.prvProcessReceivedCommands             0x08002004   Section        0  timers.o(i.prvProcessReceivedCommands)
    prvProcessReceivedCommands               0x08002005   Thumb Code   180  timers.o(i.prvProcessReceivedCommands)
    i.prvProcessTimerOrBlockTask             0x080020bc   Section        0  timers.o(i.prvProcessTimerOrBlockTask)
    prvProcessTimerOrBlockTask               0x080020bd   Thumb Code   172  timers.o(i.prvProcessTimerOrBlockTask)
    i.prvResetNextTaskUnblockTime            0x08002170   Section        0  tasks.o(i.prvResetNextTaskUnblockTime)
    prvResetNextTaskUnblockTime              0x08002171   Thumb Code    26  tasks.o(i.prvResetNextTaskUnblockTime)
    i.prvSampleTimeNow                       0x08002190   Section        0  timers.o(i.prvSampleTimeNow)
    prvSampleTimeNow                         0x08002191   Thumb Code    36  timers.o(i.prvSampleTimeNow)
    i.prvSwitchTimerLists                    0x080021b8   Section        0  timers.o(i.prvSwitchTimerLists)
    prvSwitchTimerLists                      0x080021b9   Thumb Code   102  timers.o(i.prvSwitchTimerLists)
    i.prvTaskExitError                       0x08002224   Section        0  port.o(i.prvTaskExitError)
    prvTaskExitError                         0x08002225   Thumb Code    36  port.o(i.prvTaskExitError)
    i.prvTimerTask                           0x0800224c   Section        0  timers.o(i.prvTimerTask)
    prvTimerTask                             0x0800224d   Thumb Code    34  timers.o(i.prvTimerTask)
    i.prvUnlockQueue                         0x08002274   Section        0  queue.o(i.prvUnlockQueue)
    prvUnlockQueue                           0x08002275   Thumb Code   106  queue.o(i.prvUnlockQueue)
    i.pvPortMalloc                           0x080022e0   Section        0  heap_4.o(i.pvPortMalloc)
    i.pvTaskIncrementMutexHeldCount          0x080023b8   Section        0  tasks.o(i.pvTaskIncrementMutexHeldCount)
    i.pxPortInitialiseStack                  0x080023d0   Section        0  port.o(i.pxPortInitialiseStack)
    i.send_packed_fifo_data                  0x080023fc   Section        0  task_communicate.o(i.send_packed_fifo_data)
    i.unpack_fifo_data                       0x08002440   Section        0  task_communicate.o(i.unpack_fifo_data)
    i.usart_communicate_config               0x08002540   Section        0  bsp_usart.o(i.usart_communicate_config)
    i.usart_dma_send                         0x080025cc   Section        0  bsp_usart.o(i.usart_dma_send)
    i.usart_inturrupt_processed              0x08002600   Section        0  bsp_usart.o(i.usart_inturrupt_processed)
    i.uxListRemove                           0x0800261e   Section        0  list.o(i.uxListRemove)
    i.vListInitialise                        0x08002642   Section        0  list.o(i.vListInitialise)
    i.vListInitialiseItem                    0x08002658   Section        0  list.o(i.vListInitialiseItem)
    i.vListInsert                            0x0800265e   Section        0  list.o(i.vListInsert)
    i.vListInsertEnd                         0x0800268e   Section        0  list.o(i.vListInsertEnd)
    i.vPortEnterCritical                     0x080026a8   Section        0  port.o(i.vPortEnterCritical)
    i.vPortExitCritical                      0x080026e8   Section        0  port.o(i.vPortExitCritical)
    i.vPortFree                              0x08002710   Section        0  heap_4.o(i.vPortFree)
    i.vPortSetupTimerInterrupt               0x0800276c   Section        0  port.o(i.vPortSetupTimerInterrupt)
    i.vPortValidateInterruptPriority         0x0800278c   Section        0  port.o(i.vPortValidateInterruptPriority)
    i.vQueueAddToRegistry                    0x080027e0   Section        0  queue.o(i.vQueueAddToRegistry)
    i.vQueueWaitForMessageRestricted         0x08002804   Section        0  queue.o(i.vQueueWaitForMessageRestricted)
    i.vTaskDelay                             0x08002848   Section        0  tasks.o(i.vTaskDelay)
    i.vTaskMissedYield                       0x08002894   Section        0  tasks.o(i.vTaskMissedYield)
    i.vTaskPlaceOnEventList                  0x080028a0   Section        0  tasks.o(i.vTaskPlaceOnEventList)
    i.vTaskPlaceOnEventListRestricted        0x080028d0   Section        0  tasks.o(i.vTaskPlaceOnEventListRestricted)
    i.vTaskPriorityInherit                   0x08002908   Section        0  tasks.o(i.vTaskPriorityInherit)
    i.vTaskSetTimeOutState                   0x0800298c   Section        0  tasks.o(i.vTaskSetTimeOutState)
    i.vTaskStartScheduler                    0x080029b0   Section        0  tasks.o(i.vTaskStartScheduler)
    i.vTaskSuspendAll                        0x08002a20   Section        0  tasks.o(i.vTaskSuspendAll)
    i.vTaskSwitchContext                     0x08002a30   Section        0  tasks.o(i.vTaskSwitchContext)
    i.verify_crc16_check_sum                 0x08002a8c   Section        0  protocol.o(i.verify_crc16_check_sum)
    i.verify_crc8_check_sum                  0x08002ac8   Section        0  protocol.o(i.verify_crc8_check_sum)
    i.xPortStartScheduler                    0x08002af4   Section        0  port.o(i.xPortStartScheduler)
    i.xPortSysTickHandler                    0x08002bd8   Section        0  port.o(i.xPortSysTickHandler)
    i.xQueueCreateMutex                      0x08002c04   Section        0  queue.o(i.xQueueCreateMutex)
    i.xQueueGenericCreate                    0x08002c28   Section        0  queue.o(i.xQueueGenericCreate)
    i.xQueueGenericReceive                   0x08002c70   Section        0  queue.o(i.xQueueGenericReceive)
    i.xQueueGenericReset                     0x08002de0   Section        0  queue.o(i.xQueueGenericReset)
    i.xQueueGenericSend                      0x08002e68   Section        0  queue.o(i.xQueueGenericSend)
    i.xQueueGenericSendFromISR               0x08002fcc   Section        0  queue.o(i.xQueueGenericSendFromISR)
    i.xQueueGiveFromISR                      0x08003088   Section        0  queue.o(i.xQueueGiveFromISR)
    i.xQueueReceiveFromISR                   0x08003124   Section        0  queue.o(i.xQueueReceiveFromISR)
    i.xTaskCheckForTimeOut                   0x080031c0   Section        0  tasks.o(i.xTaskCheckForTimeOut)
    i.xTaskCreate                            0x0800322c   Section        0  tasks.o(i.xTaskCreate)
    i.xTaskGenericNotify                     0x08003284   Section        0  tasks.o(i.xTaskGenericNotify)
    i.xTaskGenericNotifyFromISR              0x08003350   Section        0  tasks.o(i.xTaskGenericNotifyFromISR)
    i.xTaskGetSchedulerState                 0x08003440   Section        0  tasks.o(i.xTaskGetSchedulerState)
    i.xTaskGetTickCount                      0x0800345c   Section        0  tasks.o(i.xTaskGetTickCount)
    i.xTaskIncrementTick                     0x08003468   Section        0  tasks.o(i.xTaskIncrementTick)
    i.xTaskNotifyWait                        0x08003530   Section        0  tasks.o(i.xTaskNotifyWait)
    i.xTaskPriorityDisinherit                0x080035bc   Section        0  tasks.o(i.xTaskPriorityDisinherit)
    i.xTaskRemoveFromEventList               0x08003654   Section        0  tasks.o(i.xTaskRemoveFromEventList)
    i.xTaskResumeAll                         0x080036c8   Section        0  tasks.o(i.xTaskResumeAll)
    i.xTimerCreateTimerTask                  0x0800378c   Section        0  timers.o(i.xTimerCreateTimerTask)
    i.xTimerGenericCommand                   0x080037d4   Section        0  timers.o(i.xTimerGenericCommand)
    .constdata                               0x08003830   Section       16  system_stm32f4xx.o(.constdata)
    .constdata                               0x08003840   Section        8  system_stm32f4xx.o(.constdata)
    .constdata                               0x08003848   Section       60  freertos.o(.constdata)
    .constdata                               0x08003884   Section        8  usart.o(.constdata)
    STREAM_OFFSET_TAB                        0x08003884   Data           8  usart.o(.constdata)
    .constdata                               0x0800388c   Section        8  stm32f4xx_it.o(.constdata)
    STREAM_OFFSET_TAB                        0x0800388c   Data           8  stm32f4xx_it.o(.constdata)
    .constdata                               0x08003894   Section      768  protocol.o(.constdata)
    .constdata                               0x08003b94   Section        8  bsp_usart.o(.constdata)
    STREAM_OFFSET_TAB                        0x08003b94   Data           8  bsp_usart.o(.constdata)
    .conststring                             0x08003b9c   Section       31  freertos.o(.conststring)
    .data                                    0x20000000   Section        4  system_stm32f4xx.o(.data)
    .data                                    0x20000004   Section       12  freertos.o(.data)
    .data                                    0x20000010   Section       24  heap_4.o(.data)
    pxEnd                                    0x20000010   Data           4  heap_4.o(.data)
    xFreeBytesRemaining                      0x20000014   Data           4  heap_4.o(.data)
    xMinimumEverFreeBytesRemaining           0x20000018   Data           4  heap_4.o(.data)
    xBlockAllocatedBit                       0x2000001c   Data           4  heap_4.o(.data)
    xStart                                   0x20000020   Data           8  heap_4.o(.data)
    .data                                    0x20000028   Section       60  tasks.o(.data)
    uxDeletedTasksWaitingCleanUp             0x2000002c   Data           4  tasks.o(.data)
    uxCurrentNumberOfTasks                   0x20000030   Data           4  tasks.o(.data)
    xTickCount                               0x20000034   Data           4  tasks.o(.data)
    uxTopReadyPriority                       0x20000038   Data           4  tasks.o(.data)
    xSchedulerRunning                        0x2000003c   Data           4  tasks.o(.data)
    uxPendedTicks                            0x20000040   Data           4  tasks.o(.data)
    xYieldPending                            0x20000044   Data           4  tasks.o(.data)
    xNumOfOverflows                          0x20000048   Data           4  tasks.o(.data)
    uxTaskNumber                             0x2000004c   Data           4  tasks.o(.data)
    xNextTaskUnblockTime                     0x20000050   Data           4  tasks.o(.data)
    xIdleTaskHandle                          0x20000054   Data           4  tasks.o(.data)
    uxSchedulerSuspended                     0x20000058   Data           4  tasks.o(.data)
    pxDelayedTaskList                        0x2000005c   Data           4  tasks.o(.data)
    pxOverflowDelayedTaskList                0x20000060   Data           4  tasks.o(.data)
    .data                                    0x20000064   Section       20  timers.o(.data)
    xTimerQueue                              0x20000064   Data           4  timers.o(.data)
    xTimerTaskHandle                         0x20000068   Data           4  timers.o(.data)
    xLastTime                                0x2000006c   Data           4  timers.o(.data)
    pxCurrentTimerList                       0x20000070   Data           4  timers.o(.data)
    pxOverflowTimerList                      0x20000074   Data           4  timers.o(.data)
    .data                                    0x20000078   Section       12  port.o(.data)
    ucMaxSysCallPriority                     0x20000078   Data           1  port.o(.data)
    uxCriticalNesting                        0x2000007c   Data           4  port.o(.data)
    ulMaxPRIGROUPValue                       0x20000080   Data           4  port.o(.data)
    .data                                    0x20000084   Section        4  stm32f4xx_hal.o(.data)
    .data                                    0x20000088   Section        2  protocol.o(.data)
    .data                                    0x2000008c   Section       24  task_communicate.o(.data)
    judge_rxdata_mutex                       0x20000094   Data           4  task_communicate.o(.data)
    judge_txdata_mutex                       0x20000098   Data           4  task_communicate.o(.data)
    pc_rxdata_mutex                          0x2000009c   Data           4  task_communicate.o(.data)
    pc_txdata_mutex                          0x200000a0   Data           4  task_communicate.o(.data)
    .bss                                     0x200000a4   Section       13  freertos.o(.bss)
    .bss                                     0x200000b4   Section       60  stm32f4xx_hal_timebase_tim.o(.bss)
    .bss                                     0x200000f0   Section    15360  heap_4.o(.bss)
    ucHeap                                   0x200000f0   Data       15360  heap_4.o(.bss)
    .bss                                     0x20003cf0   Section      240  tasks.o(.bss)
    pxReadyTasksLists                        0x20003cf0   Data         140  tasks.o(.bss)
    xDelayedTaskList1                        0x20003d7c   Data          20  tasks.o(.bss)
    xDelayedTaskList2                        0x20003d90   Data          20  tasks.o(.bss)
    xPendingReadyList                        0x20003da4   Data          20  tasks.o(.bss)
    xTasksWaitingTermination                 0x20003db8   Data          20  tasks.o(.bss)
    xSuspendedTaskList                       0x20003dcc   Data          20  tasks.o(.bss)
    .bss                                     0x20003de0   Section       64  queue.o(.bss)
    .bss                                     0x20003e20   Section       40  timers.o(.bss)
    xActiveTimerList1                        0x20003e20   Data          20  timers.o(.bss)
    xActiveTimerList2                        0x20003e34   Data          20  timers.o(.bss)
    .bss                                     0x20003e48   Section     7064  task_communicate.o(.bss)
    judge_rxdata_fifo                        0x20003e48   Data          28  task_communicate.o(.bss)
    judge_rxdata_buf                         0x20003e64   Data         500  task_communicate.o(.bss)
    judge_txdata_fifo                        0x20004058   Data          28  task_communicate.o(.bss)
    judge_txdata_buf                         0x20004074   Data         500  task_communicate.o(.bss)
    judge_rx_obj                             0x20004268   Data          24  task_communicate.o(.bss)
    pc_rxdata_fifo                           0x20004280   Data          28  task_communicate.o(.bss)
    pc_rxdata_buf                            0x2000429c   Data         500  task_communicate.o(.bss)
    pc_txdata_fifo                           0x20004490   Data          28  task_communicate.o(.bss)
    pc_txdata_buf                            0x200044ac   Data         500  task_communicate.o(.bss)
    pc_rx_obj                                0x200046a0   Data          24  task_communicate.o(.bss)
    judge_unpack_obj                         0x200046b8   Data         216  task_communicate.o(.bss)
    pc_unpack_obj                            0x20004790   Data         216  task_communicate.o(.bss)
    STACK                                    0x200059e0   Section     1024  startup_stm32f405xx.o(STACK)

    Global Symbols

    Symbol Name                              Value     Ov Type        Size  Object(Section)

    BuildAttributes$$THM_ISAv4$E$P$D$K$B$S$7EM$VFPi3$EXTD16$VFPS$VFMA$PE$A:L22UL41UL21$X:L11$S22US41US21$IEEE1$IW$USESV6$~STKCKD$USESV7$~SHL$OSPACE$EBA8$MICROLIB$REQ8$PRES8$EABIv2 0x00000000   Number         0  anon$$obj.o ABSOLUTE
    __ARM_use_no_argv                        0x00000000   Number         0  main.o ABSOLUTE
    __cpp_initialize__aeabi_                  - Undefined Weak Reference
    __cxa_finalize                            - Undefined Weak Reference
    __decompress                              - Undefined Weak Reference
    _clock_init                               - Undefined Weak Reference
    _microlib_exit                            - Undefined Weak Reference
    __Vectors_Size                           0x00000188   Number         0  startup_stm32f405xx.o ABSOLUTE
    __Vectors                                0x08000000   Data           4  startup_stm32f405xx.o(RESET)
    __Vectors_End                            0x08000188   Data           0  startup_stm32f405xx.o(RESET)
    __main                                   0x08000189   Thumb Code     0  entry.o(.ARM.Collect$$$$00000000)
    _main_stk                                0x08000189   Thumb Code     0  entry2.o(.ARM.Collect$$$$00000001)
    _main_scatterload                        0x0800018d   Thumb Code     0  entry5.o(.ARM.Collect$$$$00000004)
    __main_after_scatterload                 0x08000191   Thumb Code     0  entry5.o(.ARM.Collect$$$$00000004)
    _main_clock                              0x08000191   Thumb Code     0  entry7b.o(.ARM.Collect$$$$00000008)
    _main_cpp_init                           0x08000191   Thumb Code     0  entry8b.o(.ARM.Collect$$$$0000000A)
    _main_init                               0x08000191   Thumb Code     0  entry9a.o(.ARM.Collect$$$$0000000B)
    __rt_final_cpp                           0x08000199   Thumb Code     0  entry10a.o(.ARM.Collect$$$$0000000D)
    __rt_final_exit                          0x08000199   Thumb Code     0  entry11a.o(.ARM.Collect$$$$0000000F)
    SVC_Handler                              0x0800019d   Thumb Code    28  port.o(.emb_text)
    __asm___6_port_c_39a90d8d__prvStartFirstTask 0x080001bd   Thumb Code    28  port.o(.emb_text)
    __asm___6_port_c_39a90d8d__prvEnableVFP  0x080001dd   Thumb Code    16  port.o(.emb_text)
    PendSV_Handler                           0x080001f1   Thumb Code    92  port.o(.emb_text)
    vPortGetIPSR                             0x08000251   Thumb Code     6  port.o(.emb_text)
    Reset_Handler                            0x08000259   Thumb Code     8  startup_stm32f405xx.o(.text)
    ADC_IRQHandler                           0x08000273   Thumb Code     0  startup_stm32f405xx.o(.text)
    CAN1_RX0_IRQHandler                      0x08000273   Thumb Code     0  startup_stm32f405xx.o(.text)
    CAN1_RX1_IRQHandler                      0x08000273   Thumb Code     0  startup_stm32f405xx.o(.text)
    CAN1_SCE_IRQHandler                      0x08000273   Thumb Code     0  startup_stm32f405xx.o(.text)
    CAN1_TX_IRQHandler                       0x08000273   Thumb Code     0  startup_stm32f405xx.o(.text)
    CAN2_RX0_IRQHandler                      0x08000273   Thumb Code     0  startup_stm32f405xx.o(.text)
    CAN2_RX1_IRQHandler                      0x08000273   Thumb Code     0  startup_stm32f405xx.o(.text)
    CAN2_SCE_IRQHandler                      0x08000273   Thumb Code     0  startup_stm32f405xx.o(.text)
    CAN2_TX_IRQHandler                       0x08000273   Thumb Code     0  startup_stm32f405xx.o(.text)
    DMA1_Stream1_IRQHandler                  0x08000273   Thumb Code     0  startup_stm32f405xx.o(.text)
    DMA1_Stream3_IRQHandler                  0x08000273   Thumb Code     0  startup_stm32f405xx.o(.text)
    DMA1_Stream5_IRQHandler                  0x08000273   Thumb Code     0  startup_stm32f405xx.o(.text)
    DMA1_Stream6_IRQHandler                  0x08000273   Thumb Code     0  startup_stm32f405xx.o(.text)
    DMA2_Stream0_IRQHandler                  0x08000273   Thumb Code     0  startup_stm32f405xx.o(.text)
    DMA2_Stream1_IRQHandler                  0x08000273   Thumb Code     0  startup_stm32f405xx.o(.text)
    DMA2_Stream2_IRQHandler                  0x08000273   Thumb Code     0  startup_stm32f405xx.o(.text)
    DMA2_Stream3_IRQHandler                  0x08000273   Thumb Code     0  startup_stm32f405xx.o(.text)
    DMA2_Stream4_IRQHandler                  0x08000273   Thumb Code     0  startup_stm32f405xx.o(.text)
    DMA2_Stream5_IRQHandler                  0x08000273   Thumb Code     0  startup_stm32f405xx.o(.text)
    DMA2_Stream6_IRQHandler                  0x08000273   Thumb Code     0  startup_stm32f405xx.o(.text)
    DMA2_Stream7_IRQHandler                  0x08000273   Thumb Code     0  startup_stm32f405xx.o(.text)
    EXTI0_IRQHandler                         0x08000273   Thumb Code     0  startup_stm32f405xx.o(.text)
    EXTI15_10_IRQHandler                     0x08000273   Thumb Code     0  startup_stm32f405xx.o(.text)
    EXTI1_IRQHandler                         0x08000273   Thumb Code     0  startup_stm32f405xx.o(.text)
    EXTI2_IRQHandler                         0x08000273   Thumb Code     0  startup_stm32f405xx.o(.text)
    EXTI3_IRQHandler                         0x08000273   Thumb Code     0  startup_stm32f405xx.o(.text)
    EXTI4_IRQHandler                         0x08000273   Thumb Code     0  startup_stm32f405xx.o(.text)
    EXTI9_5_IRQHandler                       0x08000273   Thumb Code     0  startup_stm32f405xx.o(.text)
    FLASH_IRQHandler                         0x08000273   Thumb Code     0  startup_stm32f405xx.o(.text)
    FMC_IRQHandler                           0x08000273   Thumb Code     0  startup_stm32f405xx.o(.text)
    FPU_IRQHandler                           0x08000273   Thumb Code     0  startup_stm32f405xx.o(.text)
    HASH_RNG_IRQHandler                      0x08000273   Thumb Code     0  startup_stm32f405xx.o(.text)
    I2C1_ER_IRQHandler                       0x08000273   Thumb Code     0  startup_stm32f405xx.o(.text)
    I2C1_EV_IRQHandler                       0x08000273   Thumb Code     0  startup_stm32f405xx.o(.text)
    I2C2_ER_IRQHandler                       0x08000273   Thumb Code     0  startup_stm32f405xx.o(.text)
    I2C2_EV_IRQHandler                       0x08000273   Thumb Code     0  startup_stm32f405xx.o(.text)
    I2C3_ER_IRQHandler                       0x08000273   Thumb Code     0  startup_stm32f405xx.o(.text)
    I2C3_EV_IRQHandler                       0x08000273   Thumb Code     0  startup_stm32f405xx.o(.text)
    OTG_FS_IRQHandler                        0x08000273   Thumb Code     0  startup_stm32f405xx.o(.text)
    OTG_FS_WKUP_IRQHandler                   0x08000273   Thumb Code     0  startup_stm32f405xx.o(.text)
    OTG_HS_EP1_IN_IRQHandler                 0x08000273   Thumb Code     0  startup_stm32f405xx.o(.text)
    OTG_HS_EP1_OUT_IRQHandler                0x08000273   Thumb Code     0  startup_stm32f405xx.o(.text)
    OTG_HS_IRQHandler                        0x08000273   Thumb Code     0  startup_stm32f405xx.o(.text)
    OTG_HS_WKUP_IRQHandler                   0x08000273   Thumb Code     0  startup_stm32f405xx.o(.text)
    PVD_IRQHandler                           0x08000273   Thumb Code     0  startup_stm32f405xx.o(.text)
    RCC_IRQHandler                           0x08000273   Thumb Code     0  startup_stm32f405xx.o(.text)
    RTC_Alarm_IRQHandler                     0x08000273   Thumb Code     0  startup_stm32f405xx.o(.text)
    RTC_WKUP_IRQHandler                      0x08000273   Thumb Code     0  startup_stm32f405xx.o(.text)
    SDIO_IRQHandler                          0x08000273   Thumb Code     0  startup_stm32f405xx.o(.text)
    SPI1_IRQHandler                          0x08000273   Thumb Code     0  startup_stm32f405xx.o(.text)
    SPI2_IRQHandler                          0x08000273   Thumb Code     0  startup_stm32f405xx.o(.text)
    SPI3_IRQHandler                          0x08000273   Thumb Code     0  startup_stm32f405xx.o(.text)
    TAMP_STAMP_IRQHandler                    0x08000273   Thumb Code     0  startup_stm32f405xx.o(.text)
    TIM1_BRK_TIM9_IRQHandler                 0x08000273   Thumb Code     0  startup_stm32f405xx.o(.text)
    TIM1_CC_IRQHandler                       0x08000273   Thumb Code     0  startup_stm32f405xx.o(.text)
    TIM1_TRG_COM_TIM11_IRQHandler            0x08000273   Thumb Code     0  startup_stm32f405xx.o(.text)
    TIM1_UP_TIM10_IRQHandler                 0x08000273   Thumb Code     0  startup_stm32f405xx.o(.text)
    TIM2_IRQHandler                          0x08000273   Thumb Code     0  startup_stm32f405xx.o(.text)
    TIM3_IRQHandler                          0x08000273   Thumb Code     0  startup_stm32f405xx.o(.text)
    TIM4_IRQHandler                          0x08000273   Thumb Code     0  startup_stm32f405xx.o(.text)
    TIM6_DAC_IRQHandler                      0x08000273   Thumb Code     0  startup_stm32f405xx.o(.text)
    TIM7_IRQHandler                          0x08000273   Thumb Code     0  startup_stm32f405xx.o(.text)
    TIM8_BRK_TIM12_IRQHandler                0x08000273   Thumb Code     0  startup_stm32f405xx.o(.text)
    TIM8_CC_IRQHandler                       0x08000273   Thumb Code     0  startup_stm32f405xx.o(.text)
    TIM8_TRG_COM_TIM14_IRQHandler            0x08000273   Thumb Code     0  startup_stm32f405xx.o(.text)
    TIM8_UP_TIM13_IRQHandler                 0x08000273   Thumb Code     0  startup_stm32f405xx.o(.text)
    USART1_IRQHandler                        0x08000273   Thumb Code     0  startup_stm32f405xx.o(.text)
    USART2_IRQHandler                        0x08000273   Thumb Code     0  startup_stm32f405xx.o(.text)
    USART3_IRQHandler                        0x08000273   Thumb Code     0  startup_stm32f405xx.o(.text)
    USART6_IRQHandler                        0x08000273   Thumb Code     0  startup_stm32f405xx.o(.text)
    WWDG_IRQHandler                          0x08000273   Thumb Code     0  startup_stm32f405xx.o(.text)
    __aeabi_memcpy                           0x0800027d   Thumb Code    36  memcpya.o(.text)
    __aeabi_memcpy4                          0x0800027d   Thumb Code     0  memcpya.o(.text)
    __aeabi_memcpy8                          0x0800027d   Thumb Code     0  memcpya.o(.text)
    __scatterload                            0x080002a1   Thumb Code    28  init.o(.text)
    __scatterload_rt2                        0x080002a1   Thumb Code     0  init.o(.text)
    BusFault_Handler                         0x080002c5   Thumb Code     2  stm32f4xx_it.o(i.BusFault_Handler)
    DMA1_Stream0_IRQHandler                  0x080002c9   Thumb Code    12  stm32f4xx_it.o(i.DMA1_Stream0_IRQHandler)
    DMA1_Stream2_IRQHandler                  0x080002d9   Thumb Code    14  stm32f4xx_it.o(i.DMA1_Stream2_IRQHandler)
    DMA1_Stream4_IRQHandler                  0x080002ed   Thumb Code    12  stm32f4xx_it.o(i.DMA1_Stream4_IRQHandler)
    DMA1_Stream7_IRQHandler                  0x080002fd   Thumb Code    32  stm32f4xx_it.o(i.DMA1_Stream7_IRQHandler)
    DebugMon_Handler                         0x08000329   Thumb Code     2  stm32f4xx_it.o(i.DebugMon_Handler)
    HAL_IncTick                              0x0800032d   Thumb Code    10  stm32f4xx_hal.o(i.HAL_IncTick)
    HAL_Init                                 0x0800033d   Thumb Code    48  stm32f4xx_hal.o(i.HAL_Init)
    HAL_InitTick                             0x08000371   Thumb Code   100  stm32f4xx_hal_timebase_tim.o(i.HAL_InitTick)
    HAL_MspInit                              0x080003e5   Thumb Code    88  stm32f4xx_hal_msp.o(i.HAL_MspInit)
    HAL_NVIC_EnableIRQ                       0x0800043d   Thumb Code    22  stm32f4xx_hal_cortex.o(i.HAL_NVIC_EnableIRQ)
    HAL_NVIC_SetPriority                     0x08000455   Thumb Code    60  stm32f4xx_hal_cortex.o(i.HAL_NVIC_SetPriority)
    HAL_NVIC_SetPriorityGrouping             0x08000495   Thumb Code    26  stm32f4xx_hal_cortex.o(i.HAL_NVIC_SetPriorityGrouping)
    HAL_RCC_GetClockConfig                   0x080004b9   Thumb Code    54  stm32f4xx_hal_rcc.o(i.HAL_RCC_GetClockConfig)
    HAL_RCC_GetPCLK1Freq                     0x080004f9   Thumb Code    20  stm32f4xx_hal_rcc.o(i.HAL_RCC_GetPCLK1Freq)
    HAL_TIMEx_BreakCallback                  0x08000519   Thumb Code     2  stm32f4xx_hal_tim_ex.o(i.HAL_TIMEx_BreakCallback)
    HAL_TIMEx_CommutationCallback            0x0800051b   Thumb Code     2  stm32f4xx_hal_tim_ex.o(i.HAL_TIMEx_CommutationCallback)
    HAL_TIM_Base_Init                        0x0800051d   Thumb Code    54  stm32f4xx_hal_tim.o(i.HAL_TIM_Base_Init)
    HAL_TIM_Base_MspInit                     0x08000553   Thumb Code     2  stm32f4xx_hal_tim.o(i.HAL_TIM_Base_MspInit)
    HAL_TIM_Base_Start_IT                    0x08000555   Thumb Code    24  stm32f4xx_hal_tim.o(i.HAL_TIM_Base_Start_IT)
    HAL_TIM_IC_CaptureCallback               0x0800056d   Thumb Code     2  stm32f4xx_hal_tim.o(i.HAL_TIM_IC_CaptureCallback)
    HAL_TIM_IRQHandler                       0x0800056f   Thumb Code   358  stm32f4xx_hal_tim.o(i.HAL_TIM_IRQHandler)
    HAL_TIM_OC_DelayElapsedCallback          0x080006d5   Thumb Code     2  stm32f4xx_hal_tim.o(i.HAL_TIM_OC_DelayElapsedCallback)
    HAL_TIM_PWM_PulseFinishedCallback        0x080006d7   Thumb Code     2  stm32f4xx_hal_tim.o(i.HAL_TIM_PWM_PulseFinishedCallback)
    HAL_TIM_PeriodElapsedCallback            0x080006d9   Thumb Code    14  main.o(i.HAL_TIM_PeriodElapsedCallback)
    HAL_TIM_TriggerCallback                  0x080006ed   Thumb Code     2  stm32f4xx_hal_tim.o(i.HAL_TIM_TriggerCallback)
    HardFault_Handler                        0x080006ef   Thumb Code     2  stm32f4xx_it.o(i.HardFault_Handler)
    LEDTask                                  0x080006f1   Thumb Code   120  freertos.o(i.LEDTask)
    LL_GPIO_Init                             0x08000895   Thumb Code   282  stm32f4xx_ll_gpio.o(i.LL_GPIO_Init)
    LL_Init1msTick                           0x080009af   Thumb Code    26  stm32f4xx_ll_utils.o(i.LL_Init1msTick)
    LL_RCC_GetSystemClocksFreq               0x080009c9   Thumb Code    32  stm32f4xx_ll_rcc.o(i.LL_RCC_GetSystemClocksFreq)
    LL_SetSystemCoreClock                    0x080009e9   Thumb Code     6  stm32f4xx_ll_utils.o(i.LL_SetSystemCoreClock)
    LL_USART_Init                            0x080009f5   Thumb Code   136  stm32f4xx_ll_usart.o(i.LL_USART_Init)
    MX_DMA_Init                              0x08000b55   Thumb Code   128  dma.o(i.MX_DMA_Init)
    MX_FREERTOS_Init                         0x08000bd9   Thumb Code    74  freertos.o(i.MX_FREERTOS_Init)
    MX_GPIO_Init                             0x08000c2d   Thumb Code    96  gpio.o(i.MX_GPIO_Init)
    MX_UART4_Init                            0x08000c99   Thumb Code   322  usart.o(i.MX_UART4_Init)
    MX_UART5_Init                            0x08000ded   Thumb Code   344  usart.o(i.MX_UART5_Init)
    MemManage_Handler                        0x08000f59   Thumb Code     2  stm32f4xx_it.o(i.MemManage_Handler)
    NMI_Handler                              0x08000f5b   Thumb Code     2  stm32f4xx_it.o(i.NMI_Handler)
    RCC_GetHCLKClockFreq                     0x0800105d   Thumb Code    18  stm32f4xx_ll_rcc.o(i.RCC_GetHCLKClockFreq)
    RCC_GetPCLK1ClockFreq                    0x08001079   Thumb Code    20  stm32f4xx_ll_rcc.o(i.RCC_GetPCLK1ClockFreq)
    RCC_GetPCLK2ClockFreq                    0x08001095   Thumb Code    20  stm32f4xx_ll_rcc.o(i.RCC_GetPCLK2ClockFreq)
    RCC_GetSystemClockFreq                   0x080010b1   Thumb Code    30  stm32f4xx_ll_rcc.o(i.RCC_GetSystemClockFreq)
    RCC_PLL_GetFreqDomain_SYS                0x080010dd   Thumb Code    68  stm32f4xx_ll_rcc.o(i.RCC_PLL_GetFreqDomain_SYS)
    SysTick_Handler                          0x0800112d   Thumb Code     4  stm32f4xx_it.o(i.SysTick_Handler)
    SystemClock_Config                       0x08001131   Thumb Code   232  main.o(i.SystemClock_Config)
    SystemInit                               0x08001239   Thumb Code    66  system_stm32f4xx.o(i.SystemInit)
    TIM5_IRQHandler                          0x0800128d   Thumb Code     6  stm32f4xx_it.o(i.TIM5_IRQHandler)
    TIM_Base_SetConfig                       0x08001299   Thumb Code   148  stm32f4xx_hal_tim.o(i.TIM_Base_SetConfig)
    UART4_IRQHandler                         0x08001359   Thumb Code    28  stm32f4xx_it.o(i.UART4_IRQHandler)
    UART5_IRQHandler                         0x08001379   Thumb Code    28  stm32f4xx_it.o(i.UART5_IRQHandler)
    UsageFault_Handler                       0x08001399   Thumb Code     2  stm32f4xx_it.o(i.UsageFault_Handler)
    __scatterload_copy                       0x0800139b   Thumb Code    14  handlers.o(i.__scatterload_copy)
    __scatterload_null                       0x080013a9   Thumb Code     2  handlers.o(i.__scatterload_null)
    __scatterload_zeroinit                   0x080013ab   Thumb Code    14  handlers.o(i.__scatterload_zeroinit)
    append_crc16_check_sum                   0x080013b9   Thumb Code    36  protocol.o(i.append_crc16_check_sum)
    append_crc8_check_sum                    0x080013e1   Thumb Code    32  protocol.o(i.append_crc8_check_sum)
    communicate_param_init                   0x08001401   Thumb Code   112  task_communicate.o(i.communicate_param_init)
    computer_uart_init                       0x0800148d   Thumb Code   138  task_communicate.o(i.computer_uart_init)
    data_packet_pack                         0x0800152d   Thumb Code    54  task_communicate.o(i.data_packet_pack)
    dma_buffer_to_unpack_buffer              0x0800156d   Thumb Code   184  task_communicate.o(i.dma_buffer_to_unpack_buffer)
    dma_current_memory_target                0x08001629   Thumb Code    14  bsp_usart.o(i.dma_current_memory_target)
    fifo_s_get                               0x08001637   Thumb Code    56  data_fifo.o(i.fifo_s_get)
    fifo_s_gets                              0x0800166f   Thumb Code    88  data_fifo.o(i.fifo_s_gets)
    fifo_s_init                              0x080016c7   Thumb Code    46  data_fifo.o(i.fifo_s_init)
    fifo_s_puts                              0x080016f5   Thumb Code   104  data_fifo.o(i.fifo_s_puts)
    fifo_used_count                          0x0800175d   Thumb Code     8  data_fifo.o(i.fifo_used_count)
    get_crc16_check_sum                      0x08001765   Thumb Code    38  protocol.o(i.get_crc16_check_sum)
    get_crc8_check_sum                       0x08001791   Thumb Code    24  protocol.o(i.get_crc8_check_sum)
    get_dma_memory_msg                       0x080017ad   Thumb Code    18  bsp_usart.o(i.get_dma_memory_msg)
    judge_unpack_task                        0x080017cd   Thumb Code    62  task_communicate.o(i.judge_unpack_task)
    judgement_data_handler                   0x08001819   Thumb Code    78  task_communicate.o(i.judgement_data_handler)
    judgement_uart_init                      0x0800186d   Thumb Code   140  task_communicate.o(i.judgement_uart_init)
    main                                     0x0800190d   Thumb Code    38  main.o(i.main)
    osDelay                                  0x0800193f   Thumb Code    14  cmsis_os.o(i.osDelay)
    osKernelStart                            0x0800194d   Thumb Code    10  cmsis_os.o(i.osKernelStart)
    osMutexCreate                            0x08001957   Thumb Code     6  cmsis_os.o(i.osMutexCreate)
    osMutexRelease                           0x0800195d   Thumb Code    74  cmsis_os.o(i.osMutexRelease)
    osMutexWait                              0x080019ad   Thumb Code   100  cmsis_os.o(i.osMutexWait)
    osSignalSet                              0x08001a15   Thumb Code    86  cmsis_os.o(i.osSignalSet)
    osSignalWait                             0x08001a71   Thumb Code    86  cmsis_os.o(i.osSignalWait)
    osSystickHandler                         0x08001ac7   Thumb Code    20  cmsis_os.o(i.osSystickHandler)
    osThreadCreate                           0x08001adb   Thumb Code    46  cmsis_os.o(i.osThreadCreate)
    pc_data_handler                          0x08001b09   Thumb Code    58  task_communicate.o(i.pc_data_handler)
    pc_unpack_task                           0x08001b49   Thumb Code    64  task_communicate.o(i.pc_unpack_task)
    protocol_packet_pack                     0x08001b91   Thumb Code    68  task_communicate.o(i.protocol_packet_pack)
    pvPortMalloc                             0x080022e1   Thumb Code   210  heap_4.o(i.pvPortMalloc)
    pvTaskIncrementMutexHeldCount            0x080023b9   Thumb Code    18  tasks.o(i.pvTaskIncrementMutexHeldCount)
    pxPortInitialiseStack                    0x080023d1   Thumb Code    40  port.o(i.pxPortInitialiseStack)
    send_packed_fifo_data                    0x080023fd   Thumb Code    64  task_communicate.o(i.send_packed_fifo_data)
    unpack_fifo_data                         0x08002441   Thumb Code   256  task_communicate.o(i.unpack_fifo_data)
    usart_communicate_config                 0x08002541   Thumb Code   134  bsp_usart.o(i.usart_communicate_config)
    usart_dma_send                           0x080025cd   Thumb Code    48  bsp_usart.o(i.usart_dma_send)
    usart_inturrupt_processed                0x08002601   Thumb Code    30  bsp_usart.o(i.usart_inturrupt_processed)
    uxListRemove                             0x0800261f   Thumb Code    36  list.o(i.uxListRemove)
    vListInitialise                          0x08002643   Thumb Code    22  list.o(i.vListInitialise)
    vListInitialiseItem                      0x08002659   Thumb Code     6  list.o(i.vListInitialiseItem)
    vListInsert                              0x0800265f   Thumb Code    48  list.o(i.vListInsert)
    vListInsertEnd                           0x0800268f   Thumb Code    24  list.o(i.vListInsertEnd)
    vPortEnterCritical                       0x080026a9   Thumb Code    54  port.o(i.vPortEnterCritical)
    vPortExitCritical                        0x080026e9   Thumb Code    34  port.o(i.vPortExitCritical)
    vPortFree                                0x08002711   Thumb Code    88  heap_4.o(i.vPortFree)
    vPortSetupTimerInterrupt                 0x0800276d   Thumb Code    26  port.o(i.vPortSetupTimerInterrupt)
    vPortValidateInterruptPriority           0x0800278d   Thumb Code    74  port.o(i.vPortValidateInterruptPriority)
    vQueueAddToRegistry                      0x080027e1   Thumb Code    32  queue.o(i.vQueueAddToRegistry)
    vQueueWaitForMessageRestricted           0x08002805   Thumb Code    68  queue.o(i.vQueueWaitForMessageRestricted)
    vTaskDelay                               0x08002849   Thumb Code    66  tasks.o(i.vTaskDelay)
    vTaskMissedYield                         0x08002895   Thumb Code     8  tasks.o(i.vTaskMissedYield)
    vTaskPlaceOnEventList                    0x080028a1   Thumb Code    44  tasks.o(i.vTaskPlaceOnEventList)
    vTaskPlaceOnEventListRestricted          0x080028d1   Thumb Code    52  tasks.o(i.vTaskPlaceOnEventListRestricted)
    vTaskPriorityInherit                     0x08002909   Thumb Code   124  tasks.o(i.vTaskPriorityInherit)
    vTaskSetTimeOutState                     0x0800298d   Thumb Code    30  tasks.o(i.vTaskSetTimeOutState)
    vTaskStartScheduler                      0x080029b1   Thumb Code    94  tasks.o(i.vTaskStartScheduler)
    vTaskSuspendAll                          0x08002a21   Thumb Code    10  tasks.o(i.vTaskSuspendAll)
    vTaskSwitchContext                       0x08002a31   Thumb Code    82  tasks.o(i.vTaskSwitchContext)
    verify_crc16_check_sum                   0x08002a8d   Thumb Code    54  protocol.o(i.verify_crc16_check_sum)
    verify_crc8_check_sum                    0x08002ac9   Thumb Code    42  protocol.o(i.verify_crc8_check_sum)
    xPortStartScheduler                      0x08002af5   Thumb Code   208  port.o(i.xPortStartScheduler)
    xPortSysTickHandler                      0x08002bd9   Thumb Code    38  port.o(i.xPortSysTickHandler)
    xQueueCreateMutex                        0x08002c05   Thumb Code    36  queue.o(i.xQueueCreateMutex)
    xQueueGenericCreate                      0x08002c29   Thumb Code    72  queue.o(i.xQueueGenericCreate)
    xQueueGenericReceive                     0x08002c71   Thumb Code   362  queue.o(i.xQueueGenericReceive)
    xQueueGenericReset                       0x08002de1   Thumb Code   132  queue.o(i.xQueueGenericReset)
    xQueueGenericSend                        0x08002e69   Thumb Code   350  queue.o(i.xQueueGenericSend)
    xQueueGenericSendFromISR                 0x08002fcd   Thumb Code   188  queue.o(i.xQueueGenericSendFromISR)
    xQueueGiveFromISR                        0x08003089   Thumb Code   156  queue.o(i.xQueueGiveFromISR)
    xQueueReceiveFromISR                     0x08003125   Thumb Code   154  queue.o(i.xQueueReceiveFromISR)
    xTaskCheckForTimeOut                     0x080031c1   Thumb Code   102  tasks.o(i.xTaskCheckForTimeOut)
    xTaskCreate                              0x0800322d   Thumb Code    86  tasks.o(i.xTaskCreate)
    xTaskGenericNotify                       0x08003285   Thumb Code   190  tasks.o(i.xTaskGenericNotify)
    xTaskGenericNotifyFromISR                0x08003351   Thumb Code   230  tasks.o(i.xTaskGenericNotifyFromISR)
    xTaskGetSchedulerState                   0x08003441   Thumb Code    22  tasks.o(i.xTaskGetSchedulerState)
    xTaskGetTickCount                        0x0800345d   Thumb Code     6  tasks.o(i.xTaskGetTickCount)
    xTaskIncrementTick                       0x08003469   Thumb Code   192  tasks.o(i.xTaskIncrementTick)
    xTaskNotifyWait                          0x08003531   Thumb Code   130  tasks.o(i.xTaskNotifyWait)
    xTaskPriorityDisinherit                  0x080035bd   Thumb Code   144  tasks.o(i.xTaskPriorityDisinherit)
    xTaskRemoveFromEventList                 0x08003655   Thumb Code   108  tasks.o(i.xTaskRemoveFromEventList)
    xTaskResumeAll                           0x080036c9   Thumb Code   182  tasks.o(i.xTaskResumeAll)
    xTimerCreateTimerTask                    0x0800378d   Thumb Code    56  timers.o(i.xTimerCreateTimerTask)
    xTimerGenericCommand                     0x080037d5   Thumb Code    88  timers.o(i.xTimerGenericCommand)
    AHBPrescTable                            0x08003830   Data          16  system_stm32f4xx.o(.constdata)
    APBPrescTable                            0x08003840   Data           8  system_stm32f4xx.o(.constdata)
    CRC8_TAB                                 0x08003894   Data         256  protocol.o(.constdata)
    wCRC_Table                               0x08003994   Data         512  protocol.o(.constdata)
    Region$$Table$$Base                      0x08003bbc   Number         0  anon$$obj.o(Region$$Table)
    Region$$Table$$Limit                     0x08003bdc   Number         0  anon$$obj.o(Region$$Table)
    SystemCoreClock                          0x20000000   Data           4  system_stm32f4xx.o(.data)
    LEDHandle                                0x20000004   Data           4  freertos.o(.data)
    pc_unpack_task_t                         0x20000008   Data           4  freertos.o(.data)
    judge_unpack_task_t                      0x2000000c   Data           4  freertos.o(.data)
    pxCurrentTCB                             0x20000028   Data           4  tasks.o(.data)
    uwTick                                   0x20000084   Data           4  stm32f4xx_hal.o(.data)
    CRC_INIT                                 0x20000088   Data           2  protocol.o(.data)
    dma_write_len                            0x2000008c   Data           4  task_communicate.o(.data)
    fifo_overflow                            0x20000090   Data           4  task_communicate.o(.data)
    client_show_data                         0x200000a4   Data          13  freertos.o(.bss)
    htim5                                    0x200000b4   Data          60  stm32f4xx_hal_timebase_tim.o(.bss)
    xQueueRegistry                           0x20003de0   Data          64  queue.o(.bss)
    pc_dma_rxbuff                            0x20004868   Data        2048  task_communicate.o(.bss)
    judge_dma_rxbuff                         0x20005068   Data        2048  task_communicate.o(.bss)
    pc_recv_mesg                             0x20005868   Data          23  task_communicate.o(.bss)
    judgement_usart                          0x20005880   Data          48  task_communicate.o(.bss)
    computer_usart                           0x200058b0   Data          48  task_communicate.o(.bss)
    judge_rece_mesg                          0x200058e0   Data          56  task_communicate.o(.bss)
    tx_buf                                   0x20005918   Data         200  task_communicate.o(.bss)
    __initial_sp                             0x20005de0   Data           0  startup_stm32f405xx.o(STACK)



==============================================================================

Memory Map of the image

  Image Entry point : 0x08000189

  Load Region LR_IROM1 (Base: 0x08000000, Size: 0x00003c80, Max: 0x00100000, ABSOLUTE)

    Execution Region ER_IROM1 (Base: 0x08000000, Size: 0x00003bdc, Max: 0x00100000, ABSOLUTE)

    Base Addr    Size         Type   Attr      Idx    E Section Name        Object

    0x08000000   0x00000188   Data   RO         4277    RESET               startup_stm32f405xx.o
    0x08000188   0x00000000   Code   RO         4675  * .ARM.Collect$$$$00000000  mc_w.l(entry.o)
    0x08000188   0x00000004   Code   RO         4712    .ARM.Collect$$$$00000001  mc_w.l(entry2.o)
    0x0800018c   0x00000004   Code   RO         4715    .ARM.Collect$$$$00000004  mc_w.l(entry5.o)
    0x08000190   0x00000000   Code   RO         4717    .ARM.Collect$$$$00000008  mc_w.l(entry7b.o)
    0x08000190   0x00000000   Code   RO         4719    .ARM.Collect$$$$0000000A  mc_w.l(entry8b.o)
    0x08000190   0x00000008   Code   RO         4720    .ARM.Collect$$$$0000000B  mc_w.l(entry9a.o)
    0x08000198   0x00000000   Code   RO         4722    .ARM.Collect$$$$0000000D  mc_w.l(entry10a.o)
    0x08000198   0x00000000   Code   RO         4724    .ARM.Collect$$$$0000000F  mc_w.l(entry11a.o)
    0x08000198   0x00000004   Code   RO         4713    .ARM.Collect$$$$00002712  mc_w.l(entry2.o)
    0x0800019c   0x000000ba   Code   RO         1867    .emb_text           port.o
    0x08000256   0x00000002   PAD
    0x08000258   0x00000024   Code   RO         4278    .text               startup_stm32f405xx.o
    0x0800027c   0x00000024   Code   RO         4680    .text               mc_w.l(memcpya.o)
    0x080002a0   0x00000024   Code   RO         4732    .text               mc_w.l(init.o)
    0x080002c4   0x00000002   Code   RO          463    i.BusFault_Handler  stm32f4xx_it.o
    0x080002c6   0x00000002   PAD
    0x080002c8   0x00000010   Code   RO          464    i.DMA1_Stream0_IRQHandler  stm32f4xx_it.o
    0x080002d8   0x00000014   Code   RO          465    i.DMA1_Stream2_IRQHandler  stm32f4xx_it.o
    0x080002ec   0x00000010   Code   RO          466    i.DMA1_Stream4_IRQHandler  stm32f4xx_it.o
    0x080002fc   0x0000002c   Code   RO          467    i.DMA1_Stream7_IRQHandler  stm32f4xx_it.o
    0x08000328   0x00000002   Code   RO          468    i.DebugMon_Handler  stm32f4xx_it.o
    0x0800032a   0x00000002   PAD
    0x0800032c   0x00000010   Code   RO         2991    i.HAL_IncTick       stm32f4xx_hal.o
    0x0800033c   0x00000034   Code   RO         2992    i.HAL_Init          stm32f4xx_hal.o
    0x08000370   0x00000074   Code   RO          641    i.HAL_InitTick      stm32f4xx_hal_timebase_tim.o
    0x080003e4   0x00000058   Code   RO          681    i.HAL_MspInit       stm32f4xx_hal_msp.o
    0x0800043c   0x00000016   Code   RO         2828    i.HAL_NVIC_EnableIRQ  stm32f4xx_hal_cortex.o
    0x08000452   0x00000002   PAD
    0x08000454   0x00000040   Code   RO         2834    i.HAL_NVIC_SetPriority  stm32f4xx_hal_cortex.o
    0x08000494   0x00000024   Code   RO         2835    i.HAL_NVIC_SetPriorityGrouping  stm32f4xx_hal_cortex.o
    0x080004b8   0x00000040   Code   RO         2546    i.HAL_RCC_GetClockConfig  stm32f4xx_hal_rcc.o
    0x080004f8   0x00000020   Code   RO         2549    i.HAL_RCC_GetPCLK1Freq  stm32f4xx_hal_rcc.o
    0x08000518   0x00000002   Code   RO         4039    i.HAL_TIMEx_BreakCallback  stm32f4xx_hal_tim_ex.o
    0x0800051a   0x00000002   Code   RO         4040    i.HAL_TIMEx_CommutationCallback  stm32f4xx_hal_tim_ex.o
    0x0800051c   0x00000036   Code   RO         3197    i.HAL_TIM_Base_Init  stm32f4xx_hal_tim.o
    0x08000552   0x00000002   Code   RO         3199    i.HAL_TIM_Base_MspInit  stm32f4xx_hal_tim.o
    0x08000554   0x00000018   Code   RO         3202    i.HAL_TIM_Base_Start_IT  stm32f4xx_hal_tim.o
    0x0800056c   0x00000002   Code   RO         3226    i.HAL_TIM_IC_CaptureCallback  stm32f4xx_hal_tim.o
    0x0800056e   0x00000166   Code   RO         3239    i.HAL_TIM_IRQHandler  stm32f4xx_hal_tim.o
    0x080006d4   0x00000002   Code   RO         3242    i.HAL_TIM_OC_DelayElapsedCallback  stm32f4xx_hal_tim.o
    0x080006d6   0x00000002   Code   RO         3269    i.HAL_TIM_PWM_PulseFinishedCallback  stm32f4xx_hal_tim.o
    0x080006d8   0x00000014   Code   RO          583    i.HAL_TIM_PeriodElapsedCallback  main.o
    0x080006ec   0x00000002   Code   RO         3280    i.HAL_TIM_TriggerCallback  stm32f4xx_hal_tim.o
    0x080006ee   0x00000002   Code   RO          469    i.HardFault_Handler  stm32f4xx_it.o
    0x080006f0   0x00000080   Code   RO          161    i.LEDTask           freertos.o
    0x08000770   0x00000018   Code   RO          268    i.LL_AHB1_GRP1_EnableClock  gpio.o
    0x08000788   0x00000018   Code   RO          303    i.LL_APB1_GRP1_EnableClock  usart.o
    0x080007a0   0x00000014   Code   RO          304    i.LL_DMA_DisableFifoMode  usart.o
    0x080007b4   0x00000014   Code   RO         4586    i.LL_DMA_EnableIT_TC  bsp_usart.o
    0x080007c8   0x00000014   Code   RO         4587    i.LL_DMA_EnableStream  bsp_usart.o
    0x080007dc   0x00000014   Code   RO          305    i.LL_DMA_SetChannelSelection  usart.o
    0x080007f0   0x00000018   Code   RO         4588    i.LL_DMA_SetDataLength  bsp_usart.o
    0x08000808   0x00000014   Code   RO          306    i.LL_DMA_SetDataTransferDirection  usart.o
    0x0800081c   0x00000014   Code   RO          307    i.LL_DMA_SetMemoryIncMode  usart.o
    0x08000830   0x00000014   Code   RO          308    i.LL_DMA_SetMemorySize  usart.o
    0x08000844   0x00000014   Code   RO          309    i.LL_DMA_SetMode    usart.o
    0x08000858   0x00000014   Code   RO          310    i.LL_DMA_SetPeriphIncMode  usart.o
    0x0800086c   0x00000014   Code   RO          311    i.LL_DMA_SetPeriphSize  usart.o
    0x08000880   0x00000014   Code   RO          312    i.LL_DMA_SetStreamPriorityLevel  usart.o
    0x08000894   0x0000011a   Code   RO         2076    i.LL_GPIO_Init      stm32f4xx_ll_gpio.o
    0x080009ae   0x0000001a   Code   RO         2125    i.LL_Init1msTick    stm32f4xx_ll_utils.o
    0x080009c8   0x00000020   Code   RO         2296    i.LL_RCC_GetSystemClocksFreq  stm32f4xx_ll_rcc.o
    0x080009e8   0x0000000c   Code   RO         2129    i.LL_SetSystemCoreClock  stm32f4xx_ll_utils.o
    0x080009f4   0x000000a0   Code   RO         2009    i.LL_USART_Init     stm32f4xx_ll_usart.o
    0x08000a94   0x000000c0   Code   RO         2010    i.LL_USART_SetBaudRate  stm32f4xx_ll_usart.o
    0x08000b54   0x00000084   Code   RO          419    i.MX_DMA_Init       dma.o
    0x08000bd8   0x00000054   Code   RO          162    i.MX_FREERTOS_Init  freertos.o
    0x08000c2c   0x0000006c   Code   RO          269    i.MX_GPIO_Init      gpio.o
    0x08000c98   0x00000154   Code   RO          313    i.MX_UART4_Init     usart.o
    0x08000dec   0x0000016c   Code   RO          314    i.MX_UART5_Init     usart.o
    0x08000f58   0x00000002   Code   RO          470    i.MemManage_Handler  stm32f4xx_it.o
    0x08000f5a   0x00000002   Code   RO          471    i.NMI_Handler       stm32f4xx_it.o
    0x08000f5c   0x00000016   Code   RO          315    i.NVIC_EnableIRQ    usart.o
    0x08000f72   0x00000016   Code   RO          420    i.NVIC_EnableIRQ    dma.o
    0x08000f88   0x00000032   Code   RO          316    i.NVIC_EncodePriority  usart.o
    0x08000fba   0x00000032   Code   RO          421    i.NVIC_EncodePriority  dma.o
    0x08000fec   0x00000010   Code   RO          422    i.NVIC_GetPriorityGrouping  dma.o
    0x08000ffc   0x00000020   Code   RO          317    i.NVIC_SetPriority  usart.o
    0x0800101c   0x00000020   Code   RO          423    i.NVIC_SetPriority  dma.o
    0x0800103c   0x00000020   Code   RO         2841    i.NVIC_SetPriority  stm32f4xx_hal_cortex.o
    0x0800105c   0x0000001c   Code   RO         2299    i.RCC_GetHCLKClockFreq  stm32f4xx_ll_rcc.o
    0x08001078   0x0000001c   Code   RO         2300    i.RCC_GetPCLK1ClockFreq  stm32f4xx_ll_rcc.o
    0x08001094   0x0000001c   Code   RO         2301    i.RCC_GetPCLK2ClockFreq  stm32f4xx_ll_rcc.o
    0x080010b0   0x0000002c   Code   RO         2302    i.RCC_GetSystemClockFreq  stm32f4xx_ll_rcc.o
    0x080010dc   0x00000050   Code   RO         2305    i.RCC_PLL_GetFreqDomain_SYS  stm32f4xx_ll_rcc.o
    0x0800112c   0x00000004   Code   RO          472    i.SysTick_Handler   stm32f4xx_it.o
    0x08001130   0x00000108   Code   RO          584    i.SystemClock_Config  main.o
    0x08001238   0x00000054   Code   RO            5    i.SystemInit        system_stm32f4xx.o
    0x0800128c   0x0000000c   Code   RO          473    i.TIM5_IRQHandler   stm32f4xx_it.o
    0x08001298   0x000000c0   Code   RO         3281    i.TIM_Base_SetConfig  stm32f4xx_hal_tim.o
    0x08001358   0x00000020   Code   RO          474    i.UART4_IRQHandler  stm32f4xx_it.o
    0x08001378   0x00000020   Code   RO          475    i.UART5_IRQHandler  stm32f4xx_it.o
    0x08001398   0x00000002   Code   RO          476    i.UsageFault_Handler  stm32f4xx_it.o
    0x0800139a   0x0000000e   Code   RO         4736    i.__scatterload_copy  mc_w.l(handlers.o)
    0x080013a8   0x00000002   Code   RO         4737    i.__scatterload_null  mc_w.l(handlers.o)
    0x080013aa   0x0000000e   Code   RO         4738    i.__scatterload_zeroinit  mc_w.l(handlers.o)
    0x080013b8   0x00000028   Code   RO         4429    i.append_crc16_check_sum  protocol.o
    0x080013e0   0x00000020   Code   RO         4430    i.append_crc8_check_sum  protocol.o
    0x08001400   0x0000008c   Code   RO         4487    i.communicate_param_init  task_communicate.o
    0x0800148c   0x000000a0   Code   RO         4488    i.computer_uart_init  task_communicate.o
    0x0800152c   0x00000040   Code   RO         4489    i.data_packet_pack  task_communicate.o
    0x0800156c   0x000000bc   Code   RO         4490    i.dma_buffer_to_unpack_buffer  task_communicate.o
    0x08001628   0x0000000e   Code   RO         4590    i.dma_current_memory_target  bsp_usart.o
    0x08001636   0x00000038   Code   RO         4291    i.fifo_s_get        data_fifo.o
    0x0800166e   0x00000058   Code   RO         4293    i.fifo_s_gets       data_fifo.o
    0x080016c6   0x0000002e   Code   RO         4295    i.fifo_s_init       data_fifo.o
    0x080016f4   0x00000068   Code   RO         4298    i.fifo_s_puts       data_fifo.o
    0x0800175c   0x00000008   Code   RO         4300    i.fifo_used_count   data_fifo.o
    0x08001764   0x0000002c   Code   RO         4431    i.get_crc16_check_sum  protocol.o
    0x08001790   0x0000001c   Code   RO         4432    i.get_crc8_check_sum  protocol.o
    0x080017ac   0x00000012   Code   RO         4592    i.get_dma_memory_msg  bsp_usart.o
    0x080017be   0x0000000c   Code   RO         1110    i.inHandlerMode     cmsis_os.o
    0x080017ca   0x00000002   PAD
    0x080017cc   0x0000004c   Code   RO         4491    i.judge_unpack_task  task_communicate.o
    0x08001818   0x00000054   Code   RO         4492    i.judgement_data_handler  task_communicate.o
    0x0800186c   0x000000a0   Code   RO         4493    i.judgement_uart_init  task_communicate.o
    0x0800190c   0x00000026   Code   RO          586    i.main              main.o
    0x08001932   0x0000000c   Code   RO         1112    i.makeFreeRtosPriority  cmsis_os.o
    0x0800193e   0x0000000e   Code   RO         1114    i.osDelay           cmsis_os.o
    0x0800194c   0x0000000a   Code   RO         1117    i.osKernelStart     cmsis_os.o
    0x08001956   0x00000006   Code   RO         1132    i.osMutexCreate     cmsis_os.o
    0x0800195c   0x00000050   Code   RO         1134    i.osMutexRelease    cmsis_os.o
    0x080019ac   0x00000068   Code   RO         1135    i.osMutexWait       cmsis_os.o
    0x08001a14   0x0000005c   Code   RO         1148    i.osSignalSet       cmsis_os.o
    0x08001a70   0x00000056   Code   RO         1149    i.osSignalWait      cmsis_os.o
    0x08001ac6   0x00000014   Code   RO         1150    i.osSystickHandler  cmsis_os.o
    0x08001ada   0x0000002e   Code   RO         1151    i.osThreadCreate    cmsis_os.o
    0x08001b08   0x00000040   Code   RO         4494    i.pc_data_handler   task_communicate.o
    0x08001b48   0x00000048   Code   RO         4495    i.pc_unpack_task    task_communicate.o
    0x08001b90   0x00000044   Code   RO         4496    i.protocol_packet_pack  task_communicate.o
    0x08001bd4   0x00000070   Code   RO          792    i.prvAddCurrentTaskToDelayedList  tasks.o
    0x08001c44   0x000000d0   Code   RO          793    i.prvAddNewTaskToReadyList  tasks.o
    0x08001d14   0x00000050   Code   RO         1672    i.prvCheckForValidListAndQueue  timers.o
    0x08001d64   0x00000054   Code   RO          794    i.prvCheckTasksWaitingTermination  tasks.o
    0x08001db8   0x00000026   Code   RO         1517    i.prvCopyDataFromQueue  queue.o
    0x08001dde   0x0000006c   Code   RO         1518    i.prvCopyDataToQueue  queue.o
    0x08001e4a   0x00000014   Code   RO          795    i.prvDeleteTCB      tasks.o
    0x08001e5e   0x00000002   PAD
    0x08001e60   0x0000004c   Code   RO          705    i.prvHeapInit       heap_4.o
    0x08001eac   0x00000028   Code   RO          796    i.prvIdleTask       tasks.o
    0x08001ed4   0x0000008e   Code   RO          797    i.prvInitialiseNewTask  tasks.o
    0x08001f62   0x00000002   PAD
    0x08001f64   0x0000004c   Code   RO          706    i.prvInsertBlockIntoFreeList  heap_4.o
    0x08001fb0   0x00000038   Code   RO         1673    i.prvInsertTimerInActiveList  timers.o
    0x08001fe8   0x0000001a   Code   RO         1519    i.prvIsQueueEmpty   queue.o
    0x08002002   0x00000002   PAD
    0x08002004   0x000000b8   Code   RO         1674    i.prvProcessReceivedCommands  timers.o
    0x080020bc   0x000000b4   Code   RO         1675    i.prvProcessTimerOrBlockTask  timers.o
    0x08002170   0x00000020   Code   RO          798    i.prvResetNextTaskUnblockTime  tasks.o
    0x08002190   0x00000028   Code   RO         1676    i.prvSampleTimeNow  timers.o
    0x080021b8   0x0000006c   Code   RO         1677    i.prvSwitchTimerLists  timers.o
    0x08002224   0x00000028   Code   RO         1868    i.prvTaskExitError  port.o
    0x0800224c   0x00000028   Code   RO         1678    i.prvTimerTask      timers.o
    0x08002274   0x0000006a   Code   RO         1520    i.prvUnlockQueue    queue.o
    0x080022de   0x00000002   PAD
    0x080022e0   0x000000d8   Code   RO          707    i.pvPortMalloc      heap_4.o
    0x080023b8   0x00000018   Code   RO          800    i.pvTaskIncrementMutexHeldCount  tasks.o
    0x080023d0   0x0000002c   Code   RO         1869    i.pxPortInitialiseStack  port.o
    0x080023fc   0x00000044   Code   RO         4497    i.send_packed_fifo_data  task_communicate.o
    0x08002440   0x00000100   Code   RO         4498    i.unpack_fifo_data  task_communicate.o
    0x08002540   0x0000008c   Code   RO         4593    i.usart_communicate_config  bsp_usart.o
    0x080025cc   0x00000034   Code   RO         4594    i.usart_dma_send    bsp_usart.o
    0x08002600   0x0000001e   Code   RO         4595    i.usart_inturrupt_processed  bsp_usart.o
    0x0800261e   0x00000024   Code   RO         1956    i.uxListRemove      list.o
    0x08002642   0x00000016   Code   RO         1957    i.vListInitialise   list.o
    0x08002658   0x00000006   Code   RO         1958    i.vListInitialiseItem  list.o
    0x0800265e   0x00000030   Code   RO         1959    i.vListInsert       list.o
    0x0800268e   0x00000018   Code   RO         1960    i.vListInsertEnd    list.o
    0x080026a6   0x00000002   PAD
    0x080026a8   0x00000040   Code   RO         1871    i.vPortEnterCritical  port.o
    0x080026e8   0x00000028   Code   RO         1872    i.vPortExitCritical  port.o
    0x08002710   0x0000005c   Code   RO          708    i.vPortFree         heap_4.o
    0x0800276c   0x00000020   Code   RO         1873    i.vPortSetupTimerInterrupt  port.o
    0x0800278c   0x00000054   Code   RO         1874    i.vPortValidateInterruptPriority  port.o
    0x080027e0   0x00000024   Code   RO         1524    i.vQueueAddToRegistry  queue.o
    0x08002804   0x00000044   Code   RO         1527    i.vQueueWaitForMessageRestricted  queue.o
    0x08002848   0x0000004c   Code   RO          806    i.vTaskDelay        tasks.o
    0x08002894   0x0000000c   Code   RO          810    i.vTaskMissedYield  tasks.o
    0x080028a0   0x00000030   Code   RO          812    i.vTaskPlaceOnEventList  tasks.o
    0x080028d0   0x00000038   Code   RO          813    i.vTaskPlaceOnEventListRestricted  tasks.o
    0x08002908   0x00000084   Code   RO          815    i.vTaskPriorityInherit  tasks.o
    0x0800298c   0x00000024   Code   RO          818    i.vTaskSetTimeOutState  tasks.o
    0x080029b0   0x00000070   Code   RO          819    i.vTaskStartScheduler  tasks.o
    0x08002a20   0x00000010   Code   RO          821    i.vTaskSuspendAll   tasks.o
    0x08002a30   0x0000005c   Code   RO          822    i.vTaskSwitchContext  tasks.o
    0x08002a8c   0x0000003c   Code   RO         4433    i.verify_crc16_check_sum  protocol.o
    0x08002ac8   0x0000002a   Code   RO         4434    i.verify_crc8_check_sum  protocol.o
    0x08002af2   0x00000002   PAD
    0x08002af4   0x000000e4   Code   RO         1875    i.xPortStartScheduler  port.o
    0x08002bd8   0x0000002c   Code   RO         1876    i.xPortSysTickHandler  port.o
    0x08002c04   0x00000024   Code   RO         1528    i.xQueueCreateMutex  queue.o
    0x08002c28   0x00000048   Code   RO         1529    i.xQueueGenericCreate  queue.o
    0x08002c70   0x00000170   Code   RO         1530    i.xQueueGenericReceive  queue.o
    0x08002de0   0x00000088   Code   RO         1531    i.xQueueGenericReset  queue.o
    0x08002e68   0x00000164   Code   RO         1532    i.xQueueGenericSend  queue.o
    0x08002fcc   0x000000bc   Code   RO         1533    i.xQueueGenericSendFromISR  queue.o
    0x08003088   0x0000009c   Code   RO         1534    i.xQueueGiveFromISR  queue.o
    0x08003124   0x0000009a   Code   RO         1538    i.xQueueReceiveFromISR  queue.o
    0x080031be   0x00000002   PAD
    0x080031c0   0x0000006c   Code   RO          823    i.xTaskCheckForTimeOut  tasks.o
    0x0800322c   0x00000056   Code   RO          824    i.xTaskCreate       tasks.o
    0x08003282   0x00000002   PAD
    0x08003284   0x000000cc   Code   RO          825    i.xTaskGenericNotify  tasks.o
    0x08003350   0x000000f0   Code   RO          826    i.xTaskGenericNotifyFromISR  tasks.o
    0x08003440   0x0000001c   Code   RO          828    i.xTaskGetSchedulerState  tasks.o
    0x0800345c   0x0000000c   Code   RO          829    i.xTaskGetTickCount  tasks.o
    0x08003468   0x000000c8   Code   RO          831    i.xTaskIncrementTick  tasks.o
    0x08003530   0x0000008c   Code   RO          833    i.xTaskNotifyWait   tasks.o
    0x080035bc   0x00000098   Code   RO          834    i.xTaskPriorityDisinherit  tasks.o
    0x08003654   0x00000074   Code   RO          835    i.xTaskRemoveFromEventList  tasks.o
    0x080036c8   0x000000c4   Code   RO          837    i.xTaskResumeAll    tasks.o
    0x0800378c   0x00000048   Code   RO         1682    i.xTimerCreateTimerTask  timers.o
    0x080037d4   0x0000005c   Code   RO         1683    i.xTimerGenericCommand  timers.o
    0x08003830   0x00000010   Data   RO            6    .constdata          system_stm32f4xx.o
    0x08003840   0x00000008   Data   RO            7    .constdata          system_stm32f4xx.o
    0x08003848   0x0000003c   Data   RO          164    .constdata          freertos.o
    0x08003884   0x00000008   Data   RO          318    .constdata          usart.o
    0x0800388c   0x00000008   Data   RO          477    .constdata          stm32f4xx_it.o
    0x08003894   0x00000300   Data   RO         4436    .constdata          protocol.o
    0x08003b94   0x00000008   Data   RO         4596    .constdata          bsp_usart.o
    0x08003b9c   0x0000001f   Data   RO          165    .conststring        freertos.o
    0x08003bbb   0x00000001   PAD
    0x08003bbc   0x00000020   Data   RO         4734    Region$$Table       anon$$obj.o


    Execution Region RW_IRAM1 (Base: 0x20000000, Size: 0x00005de0, Max: 0x00020000, ABSOLUTE)

    Base Addr    Size         Type   Attr      Idx    E Section Name        Object

    0x20000000   0x00000004   Data   RW            8    .data               system_stm32f4xx.o
    0x20000004   0x0000000c   Data   RW          166    .data               freertos.o
    0x20000010   0x00000018   Data   RW          713    .data               heap_4.o
    0x20000028   0x0000003c   Data   RW          840    .data               tasks.o
    0x20000064   0x00000014   Data   RW         1689    .data               timers.o
    0x20000078   0x0000000c   Data   RW         1877    .data               port.o
    0x20000084   0x00000004   Data   RW         2998    .data               stm32f4xx_hal.o
    0x20000088   0x00000002   Data   RW         4437    .data               protocol.o
    0x2000008a   0x00000002   PAD
    0x2000008c   0x00000018   Data   RW         4500    .data               task_communicate.o
    0x200000a4   0x0000000d   Zero   RW          163    .bss                freertos.o
    0x200000b1   0x00000003   PAD
    0x200000b4   0x0000003c   Zero   RW          644    .bss                stm32f4xx_hal_timebase_tim.o
    0x200000f0   0x00003c00   Zero   RW          712    .bss                heap_4.o
    0x20003cf0   0x000000f0   Zero   RW          839    .bss                tasks.o
    0x20003de0   0x00000040   Zero   RW         1539    .bss                queue.o
    0x20003e20   0x00000028   Zero   RW         1688    .bss                timers.o
    0x20003e48   0x00001b98   Zero   RW         4499    .bss                task_communicate.o
    0x200059e0   0x00000400   Zero   RW         4275    STACK               startup_stm32f405xx.o


==============================================================================

Image component sizes


      Code (inc. data)   RO Data    RW Data    ZI Data      Debug   Object Name

       318         28          8          0          0      37437   bsp_usart.o
       482         16          0          0          0      22520   cmsis_os.o
       302          0          0          0          0       8261   data_fifo.o
       252         10          0          0          0       2778   dma.o
       212         18         91         12         13      26947   freertos.o
       132         18          0          0          0       6547   gpio.o
       460         24          0         24      15360      14519   heap_4.o
       136          0          0          0          0       3626   list.o
       322         38          0          0          0      65720   main.o
       762         82          0         12          0      12021   port.o
       246         20        768          2          0       4904   protocol.o
      1848         20          0          0         64      17928   queue.o
        36          8        392          0       1024        808   startup_stm32f405xx.o
        68         10          0          4          0       2678   stm32f4xx_hal.o
       154         14          0          0          0      29646   stm32f4xx_hal_cortex.o
        88          0          0          0          0        534   stm32f4xx_hal_msp.o
        96         22          0          0          0       1954   stm32f4xx_hal_rcc.o
       638         44          0          0          0       7334   stm32f4xx_hal_tim.o
         4          0          0          0          0       1690   stm32f4xx_hal_tim_ex.o
       116         16          0          0         60       1480   stm32f4xx_hal_timebase_tim.o
       188         40          8          0          0      22947   stm32f4xx_it.o
       282          0          0          0          0       7263   stm32f4xx_ll_gpio.o
       240         52          0          0          0      27787   stm32f4xx_ll_rcc.o
       352         24          0          0          0      16036   stm32f4xx_ll_usart.o
        38          6          0          0          0       8725   stm32f4xx_ll_utils.o
        84         18         24          4          0     641315   system_stm32f4xx.o
      1400        138          0         24       7064      10774   task_communicate.o
      2724        228          0         60        240      36362   tasks.o
       852         80          0         20         40       9795   timers.o
      1012         80          8          0          0      68571   usart.o

    ----------------------------------------------------------------------
     13870       1054       1332        164      23868    1118907   Object Totals
         0          0         32          0          0          0   (incl. Generated)
        26          0          1          2          3          0   (incl. Padding)

    ----------------------------------------------------------------------

      Code (inc. data)   RO Data    RW Data    ZI Data      Debug   Library Member Name

         0          0          0          0          0          0   entry.o
         0          0          0          0          0          0   entry10a.o
         0          0          0          0          0          0   entry11a.o
         8          4          0          0          0          0   entry2.o
         4          0          0          0          0          0   entry5.o
         0          0          0          0          0          0   entry7b.o
         0          0          0          0          0          0   entry8b.o
         8          4          0          0          0          0   entry9a.o
        30          0          0          0          0          0   handlers.o
        36          8          0          0          0         68   init.o
        36          0          0          0          0         68   memcpya.o

    ----------------------------------------------------------------------
       122         16          0          0          0        136   Library Totals
         0          0          0          0          0          0   (incl. Padding)

    ----------------------------------------------------------------------

      Code (inc. data)   RO Data    RW Data    ZI Data      Debug   Library Name

       122         16          0          0          0        136   mc_w.l

    ----------------------------------------------------------------------
       122         16          0          0          0        136   Library Totals

    ----------------------------------------------------------------------

==============================================================================


      Code (inc. data)   RO Data    RW Data    ZI Data      Debug   

     13992       1070       1332        164      23868    1101447   Grand Totals
     13992       1070       1332        164      23868    1101447   ELF Image Totals
     13992       1070       1332        164          0          0   ROM Totals

==============================================================================

    Total RO  Size (Code + RO Data)                15324 (  14.96kB)
    Total RW  Size (RW Data + ZI Data)             24032 (  23.47kB)
    Total ROM Size (Code + RO Data + RW Data)      15488 (  15.13kB)

==============================================================================

